 PhysXCooking_64

 Timestamp is 6a199168 (Fri May 29 22:15:20 2026)

 Preferred load address is 0000000180000000

 Start         Length     Name                   Class
 0001:00000000 00000ba0H .text$di                CODE
 0001:00000ba0 0004f750H .text$mn                CODE
 0001:000502f0 00000036H .text$mn$00             CODE
 0001:00050326 000000b2H .text$x                 CODE
 0002:00000000 00000268H .idata$5                DATA
 0002:00000268 00000038H .00cfg                  DATA
 0002:000002a0 00000008H .CRT$XCA                DATA
 0002:000002a8 000001f0H .CRT$XCU                DATA
 0002:00000498 00000008H .CRT$XCZ                DATA
 0002:000004a0 00000008H .CRT$XIA                DATA
 0002:000004a8 00000008H .CRT$XIZ                DATA
 0002:000004b0 00000008H .CRT$XPA                DATA
 0002:000004b8 00000008H .CRT$XPZ                DATA
 0002:000004c0 00000008H .CRT$XTA                DATA
 0002:000004c8 00000008H .CRT$XTZ                DATA
 0002:000004d0 00000000H .gehcont$y              DATA
 0002:000004d0 00000000H .gfids$y                DATA
 0002:000004d0 00004f30H .rdata                  DATA
 0002:00005400 00000080H .rdata$CastGuardVftablesA DATA
 0002:00005480 00000080H .rdata$CastGuardVftablesC DATA
 0002:00005500 00000074H .rdata$r                DATA
 0002:00005574 00000110H .rdata$voltmd           DATA
 0002:00005684 00000464H .rdata$zzzdbg           DATA
 0002:00005ae8 00000008H .rtc$IAA                DATA
 0002:00005af0 000000a0H .rtc$IMZ                DATA
 0002:00005b90 00000008H .rtc$IZZ                DATA
 0002:00005b98 00000008H .rtc$TAA                DATA
 0002:00005ba0 000000a0H .rtc$TMZ                DATA
 0002:00005c40 00000008H .rtc$TZZ                DATA
 0002:00005c48 0000254cH .xdata                  DATA
 0002:00008194 00000040H .didat$2                DATA
 0002:000081d4 00000024H .didat$3                DATA
 0002:000081f8 000001d0H .didat$4                DATA
 0002:000083c8 00000b30H .didat$6                DATA
 0002:00008ef8 00000308H .didat$7                DATA
 0002:00009200 00001d34H .edata                  DATA
 0002:0000af34 000000a0H .idata$2                DATA
 0002:0000afd4 00000014H .idata$3                DATA
 0002:0000afe8 00000268H .idata$4                DATA
 0002:0000b250 000005e6H .idata$6                DATA
 0003:00000000 000000d8H .data                   DATA
 0003:000000d8 00000308H .data$r                 DATA
 0003:000003e0 00000020H .data$rs                DATA
 0003:00000400 000001d0H .didat$5                DATA
 0003:000005d0 00000be8H .bss                    DATA
 0004:00000000 000033c0H .pdata                  DATA
 0005:00000000 000000a0H .rsrc$01                DATA
 0005:000000a0 000004b0H .rsrc$02                DATA

  Address         Publics by Value              Rva+Base               Lib:Object

 0000:00000000       __AbsoluteZero             0000000000000000     <absolute>
 0000:00000000       ___safe_se_handler_count   0000000000000000     <absolute>
 0000:00000000       ___safe_se_handler_table   0000000000000000     <absolute>
 0000:00000000       __arm64x_extra_rfe_table   0000000000000000     <absolute>
 0000:00000000       __arm64x_extra_rfe_table_size 0000000000000000     <absolute>
 0000:00000000       __arm64x_native_entrypoint 0000000000000000     <absolute>
 0000:00000000       __arm64x_redirection_metadata 0000000000000000     <absolute>
 0000:00000000       __arm64x_redirection_metadata_count 0000000000000000     <absolute>
 0000:00000000       __dynamic_value_reloc_table 0000000000000000     <absolute>
 0000:00000000       __enclave_config           0000000000000000     <absolute>
 0000:00000000       __guard_check_icall_a64n_fptr 0000000000000000     <absolute>
 0000:00000000       __guard_eh_cont_count      0000000000000000     <absolute>
 0000:00000000       __guard_eh_cont_table      0000000000000000     <absolute>
 0000:00000000       __guard_fids_count         0000000000000000     <absolute>
 0000:00000000       __guard_fids_table         0000000000000000     <absolute>
 0000:00000000       __guard_iat_count          0000000000000000     <absolute>
 0000:00000000       __guard_iat_table          0000000000000000     <absolute>
 0000:00000000       __guard_longjmp_count      0000000000000000     <absolute>
 0000:00000000       __guard_longjmp_table      0000000000000000     <absolute>
 0000:00000000       __hybrid_auxiliary_delayload_iat 0000000000000000     <absolute>
 0000:00000000       __hybrid_auxiliary_delayload_iat_copy 0000000000000000     <absolute>
 0000:00000000       __hybrid_auxiliary_iat     0000000000000000     <absolute>
 0000:00000000       __hybrid_auxiliary_iat_copy 0000000000000000     <absolute>
 0000:00000000       __hybrid_code_map          0000000000000000     <absolute>
 0000:00000000       __hybrid_code_map_count    0000000000000000     <absolute>
 0000:00000000       __hybrid_image_info_bitfield 0000000000000000     <absolute>
 0000:00000000       __x64_code_ranges_to_entry_points 0000000000000000     <absolute>
 0000:00000000       __x64_code_ranges_to_entry_points_count 0000000000000000     <absolute>
 0000:00000100       __guard_flags              0000000000000100     <absolute>
 0000:00000000       __ImageBase                0000000180000000     <linker-defined>
 0001:00000ba0       ?ComputeNbBoundaryEdges@AdjTriangle@physx@@QEBAIXZ 0000000180001ba0 f   Adjacencies.obj
 0001:00000c30       ?ComputeNbNeighbors@AdjTriangle@physx@@QEBAIXZ 0000000180001c30 f   Adjacencies.obj
 0001:00000cc0       ?HasNeighbor@AdjTriangle@physx@@QEBA_NIPEAI@Z 0000000180001cc0 f   Adjacencies.obj
 0001:00000dd0       ?Flip@AdjTriangle@physx@@QEAAXXZ 0000000180001dd0 f   Adjacencies.obj
 0001:00000e20       ??0Adjacencies@physx@@QEAA@XZ 0000000180001e20 f   Adjacencies.obj
 0001:00000e50       ??1Adjacencies@physx@@QEAA@XZ 0000000180001e50 f   Adjacencies.obj
 0001:00000eb0       ?Load@Adjacencies@physx@@QEAA_NAEAVPxInputStream@2@@Z 0000000180001eb0 f   Adjacencies.obj
 0001:00001040       ?ComputeNbBoundaryEdges@Adjacencies@physx@@QEBAIXZ 0000000180002040 f   Adjacencies.obj
 0001:000010c0       ?GetBoundaryVertices@Adjacencies@physx@@QEBA_NIPEA_NPEBU?$TriangleT@I@Gu@2@@Z 00000001800020c0 f   Adjacencies.obj
 0001:000013d0       ?MakeLastRef@Adjacencies@physx@@QEAA_NAEAVAdjTriangle@2@IPEAU?$TriangleT@I@Gu@2@@Z 00000001800023d0 f   Adjacencies.obj
 0001:00001730       ?AssignNewEdgeCode@Adjacencies@physx@@AEAAXIE@Z 0000000180002730 f   Adjacencies.obj
 0001:000017d0       ??0AdjacenciesBuilder@physx@@QEAA@XZ 00000001800027d0 f   Adjacencies.obj
 0001:00001800       ??1AdjacenciesBuilder@physx@@QEAA@XZ 0000000180002800 f   Adjacencies.obj
 0001:00001820       ?Init@AdjacenciesBuilder@physx@@QEAA_NAEBUADJACENCIESCREATE@2@@Z 0000000180002820 f   Adjacencies.obj
 0001:00002b10       ??$?_UI@@YAPEAX_KV?$ReflectionAllocator@I@shdfnd@physx@@PEBDH@Z 0000000180003b10 f i Adjacencies.obj
 0001:00002b50       ??$?_UV?$ReflectionAllocator@VAdjEdge@@@shdfnd@physx@@@UserAllocated@shdfnd@physx@@SAPEAX_KV?$ReflectionAllocator@VAdjEdge@@@12@PEBDH@Z 0000000180003b50 f i Adjacencies.obj
 0001:00002b90       ??$?_UV?$ReflectionAllocator@VAdjTriangle@physx@@@shdfnd@physx@@@UserAllocated@shdfnd@physx@@SAPEAX_KV?$ReflectionAllocator@VAdjTriangle@physx@@@12@PEBDH@Z 0000000180003b90 f i Adjacencies.obj
 0001:00002bd0       ??$swap@I@shdfnd@physx@@YAXAEAI0@Z 0000000180003bd0 f i Adjacencies.obj
 0001:00002c10       ??0?$ReflectionAllocator@I@shdfnd@physx@@QEAA@PEBD@Z 0000000180003c10 f i Adjacencies.obj
 0001:00002c20       ??0?$ReflectionAllocator@VAdjEdge@@@shdfnd@physx@@QEAA@PEBD@Z 0000000180003c20 f i Adjacencies.obj
 0001:00002c30       ??0?$ReflectionAllocator@VAdjTriangle@physx@@@shdfnd@physx@@QEAA@PEBD@Z 0000000180003c30 f i Adjacencies.obj
 0001:00002c40       ??0?$TriangleT@I@Gu@physx@@QEAA@XZ 0000000180003c40 f i Adjacencies.obj
 0001:00002c50       ??0AdjEdge@@QEAA@XZ        0000000180003c50 f i Adjacencies.obj
 0001:00002c60       ??0AdjTriangle@physx@@QEAA@XZ 0000000180003c60 f i Adjacencies.obj
 0001:00002c70       ??0Allocator@shdfnd@physx@@QEAA@PEBD@Z 0000000180003c70 f i Adjacencies.obj
 0001:00002c80       ??0EDGELISTCREATE@Gu@physx@@QEAA@XZ 0000000180003c80 f i Adjacencies.obj
 0001:00002cf0       ??0NonTrackingAllocator@shdfnd@physx@@QEAA@PEBD@Z 0000000180003cf0 f i Adjacencies.obj
 0001:00002d00       ??0PxFoundation@physx@@QEAA@AEBV01@@Z 0000000180003d00 f i Adjacencies.obj
 0001:00002d20       ??0PxFoundation@physx@@QEAA@XZ 0000000180003d20 f i Adjacencies.obj
 0001:00002d40       ??1AdjEdge@@QEAA@XZ        0000000180003d40 f i Adjacencies.obj
 0001:00002d50       ??1AdjTriangle@physx@@QEAA@XZ 0000000180003d50 f i Adjacencies.obj
 0001:00002d60       ??1PxFoundation@physx@@MEAA@XZ 0000000180003d60 f i Adjacencies.obj
 0001:00002d80       ??3UserAllocated@shdfnd@physx@@SAXPEAX@Z 0000000180003d80 f i Adjacencies.obj
 0001:00002db0       ??4Allocator@shdfnd@physx@@QEAAAEAV012@$$QEAV012@@Z 0000000180003db0 f i Adjacencies.obj
 0001:00002dc0       ??4Allocator@shdfnd@physx@@QEAAAEAV012@AEBV012@@Z 0000000180003dc0 f i Adjacencies.obj
 0001:00002dd0       ??4MutexImpl@shdfnd@physx@@QEAAAEAV012@AEBV012@@Z 0000000180003dd0 f i Adjacencies.obj
 0001:00002de0       ??4PxFoundation@physx@@QEAAAEAV01@AEBV01@@Z 0000000180003de0 f i Adjacencies.obj
 0001:00002df0       ??_EAdjEdge@@QEAAPEAXI@Z   0000000180003df0 f i Adjacencies.obj
 0001:00002ed0       ??_EAdjTriangle@physx@@QEAAPEAXI@Z 0000000180003ed0 f i Adjacencies.obj
 0001:00002fb0       ??_EPxFoundation@physx@@MEAAPEAXI@Z 0000000180003fb0 f i Adjacencies.obj
 0001:00003050       ??_FAllocator@shdfnd@physx@@QEAAXXZ 0000000180004050 f i Adjacencies.obj
 0001:00003070       ??_FNamedAllocator@shdfnd@physx@@QEAAXXZ 0000000180004070 f i Adjacencies.obj
 0001:00003090       ??_GPxFoundation@physx@@MEAAPEAXI@Z 0000000180004090 f i Adjacencies.obj
 0001:000030d0       ??_H@YAXPEAX_K1P6APEAX0@Z@Z 00000001800040d0 f i Adjacencies.obj
 0001:00003150       ??_I@YAXPEAX_K1P6AX0@Z@Z   0000000180004150 f i Adjacencies.obj
 0001:000031f0       ??_VUserAllocated@shdfnd@physx@@SAXPEAX@Z 00000001800041f0 f i Adjacencies.obj
 0001:00003220       ?GetNbHits@RadixSort@Cm@physx@@QEBAIXZ 0000000180004220 f i Adjacencies.obj
 0001:00003230       ?GetNbTotalCalls@RadixSort@Cm@physx@@QEBAIXZ 0000000180004230 f i Adjacencies.obj
 0001:00003240       ?GetRanks@RadixSort@Cm@physx@@QEBAPEBIXZ 0000000180004240 f i Adjacencies.obj
 0001:00003250       ?GetRecyclable@RadixSort@Cm@physx@@QEBAPEAIXZ 0000000180004250 f i Adjacencies.obj
 0001:00003260       ?HasActiveEdge01@AdjTriangle@physx@@QEBAHXZ 0000000180004260 f i Adjacencies.obj
 0001:00003280       ?HasActiveEdge01@EdgeTriangleAC@Gu@physx@@SAHAEBUEdgeTriangleData@23@@Z 0000000180004280 f i Adjacencies.obj
 0001:000032a0       ?HasActiveEdge12@AdjTriangle@physx@@QEBAHXZ 00000001800042a0 f i Adjacencies.obj
 0001:000032c0       ?HasActiveEdge12@EdgeTriangleAC@Gu@physx@@SAHAEBUEdgeTriangleData@23@@Z 00000001800042c0 f i Adjacencies.obj
 0001:000032e0       ?HasActiveEdge20@AdjTriangle@physx@@QEBAHXZ 00000001800042e0 f i Adjacencies.obj
 0001:00003300       ?HasActiveEdge20@EdgeTriangleAC@Gu@physx@@SAHAEBUEdgeTriangleData@23@@Z 0000000180004300 f i Adjacencies.obj
 0001:00003320       ?PxMemZero@physx@@YAPEAXPEAXI@Z 0000000180004320 f i Adjacencies.obj
 0001:00003340       ?__empty_global_delete@@YAXPEAX@Z 0000000180004340 f i Adjacencies.obj
 0001:00003350       ?__empty_global_delete@@YAXPEAX_K@Z 0000000180004350 f i Adjacencies.obj
 0001:00003360       ?allocate@?$ReflectionAllocator@I@shdfnd@physx@@QEAAPEAX_KPEBDH@Z 0000000180004360 f i Adjacencies.obj
 0001:000033e0       ?allocate@?$ReflectionAllocator@VAdjEdge@@@shdfnd@physx@@QEAAPEAX_KPEBDH@Z 00000001800043e0 f i Adjacencies.obj
 0001:00003460       ?allocate@?$ReflectionAllocator@VAdjTriangle@physx@@@shdfnd@physx@@QEAAPEAX_KPEBDH@Z 0000000180004460 f i Adjacencies.obj
 0001:000034e0       ?deallocate@NonTrackingAllocator@shdfnd@physx@@QEAAXPEAX@Z 00000001800044e0 f i Adjacencies.obj
 0001:00003520       ?findEdge@?$TriangleT@I@Gu@physx@@QEBAEII@Z 0000000180004520 f i Adjacencies.obj
 0001:00003680       ?getAllocator@Foundation@shdfnd@physx@@QEAAAEAVPxAllocatorCallback@3@XZ 0000000180004680 f i Adjacencies.obj
 0001:00003690       ?getAllocatorCallback@Foundation@shdfnd@physx@@UEAAAEAVPxAllocatorCallback@3@XZ 0000000180004690 f i Adjacencies.obj
 0001:000036a0       ?getEdgeTriangle@EdgeList@Gu@physx@@QEBAAEBUEdgeTriangleData@23@I@Z 00000001800046a0 f i Adjacencies.obj
 0001:000036c0       ?getErrorCallback@Foundation@shdfnd@physx@@UEAAAEAVPxErrorCallback@3@XZ 00000001800046c0 f i Adjacencies.obj
 0001:000036d0       ?getErrorLevel@Foundation@shdfnd@physx@@UEBA?AW4Enum@PxErrorCode@3@XZ 00000001800046d0 f i Adjacencies.obj
 0001:000036f0       ?getFoundation@shdfnd@physx@@YAAEAVFoundation@12@XZ 00000001800046f0 f i Adjacencies.obj
 0001:00003700       ?getInternalErrorCallback@Foundation@shdfnd@physx@@QEAAAEAVPxErrorCallback@3@XZ 0000000180004700 f i Adjacencies.obj
 0001:00003720       ?getName@?$ReflectionAllocator@I@shdfnd@physx@@CAPEBDXZ 0000000180004720 f i Adjacencies.obj
 0001:00003760       ?getName@?$ReflectionAllocator@VAdjEdge@@@shdfnd@physx@@CAPEBDXZ 0000000180004760 f i Adjacencies.obj
 0001:000037a0       ?getName@?$ReflectionAllocator@VAdjTriangle@physx@@@shdfnd@physx@@CAPEBDXZ 00000001800047a0 f i Adjacencies.obj
 0001:000037e0       ?getNamedAllocMap@Foundation@shdfnd@physx@@QEAAAEAV?$HashMap@PEBVNamedAllocator@shdfnd@physx@@PEBDU?$Hash@PEBVNamedAllocator@shdfnd@physx@@@23@VNonTrackingAllocator@23@@23@XZ 00000001800047e0 f i Adjacencies.obj
 0001:00003800       ?getNamedAllocMutex@Foundation@shdfnd@physx@@QEAAAEAV?$MutexT@VAllocator@shdfnd@physx@@@23@XZ 0000000180004800 f i Adjacencies.obj
 0001:00003820       ?getReportAllocationNames@Foundation@shdfnd@physx@@UEBA_NXZ 0000000180004820 f i Adjacencies.obj
 0001:00003840       ?getTempAllocFreeTable@Foundation@shdfnd@physx@@QEAAAEAV?$Array@PEATTempAllocatorChunk@shdfnd@physx@@VAllocator@23@@23@XZ 0000000180004840 f i Adjacencies.obj
 0001:00003860       ?getTempAllocMutex@Foundation@shdfnd@physx@@QEAAAEAV?$MutexT@VAllocator@shdfnd@physx@@@23@XZ 0000000180004860 f i Adjacencies.obj
 0001:00003880       ?invalidateRanks@RadixSort@Cm@physx@@QEAAXXZ 0000000180004880 f i Adjacencies.obj
 0001:000038a0       ?memZero@intrinsics@physx@@YAPEAXPEAXI@Z 00000001800048a0 f i Adjacencies.obj
 0001:000038d0       ?name@type_info@@QEBAPEBDXZ 00000001800048d0 f i Adjacencies.obj
 0001:00003900       ?setErrorLevel@Foundation@shdfnd@physx@@UEAAXW4Enum@PxErrorCode@3@@Z 0000000180004900 f i Adjacencies.obj
 0001:00003920       ?setReportAllocationNames@Foundation@shdfnd@physx@@UEAAX_N@Z 0000000180004920 f i Adjacencies.obj
 0001:00003940       PxCreateCooking            0000000180004940 f   Cooking.obj
 0001:00003a30       ?release@Cooking@physx@@UEAAXXZ 0000000180004a30 f   Cooking.obj
 0001:00003a90       ?setParams@Cooking@physx@@UEAAXAEBUPxCookingParams@2@@Z 0000000180004a90 f   Cooking.obj
 0001:00003ac0       ?getParams@Cooking@physx@@UEBAAEBUPxCookingParams@2@XZ 0000000180004ac0 f   Cooking.obj
 0001:00003ae0       ?platformMismatch@Cooking@physx@@UEBA_NXZ 0000000180004ae0 f   Cooking.obj
 0001:00003b30       ?cookTriangleMesh@Cooking@physx@@UEBA_NAEBVPxTriangleMeshDesc@2@AEAVPxOutputStream@2@PEAW4Enum@PxTriangleMeshCookingResult@2@@Z 0000000180004b30 f   Cooking.obj
 0001:00003c40       ?createTriangleMesh@Cooking@physx@@UEBAPEAVPxTriangleMesh@2@AEBVPxTriangleMeshDesc@2@AEAVPxPhysicsInsertionCallback@2@PEAW4Enum@PxTriangleMeshCookingResult@2@@Z 0000000180004c40 f   Cooking.obj
 0001:00003d50       ?validateTriangleMesh@Cooking@physx@@UEBA_NAEBVPxTriangleMeshDesc@2@@Z 0000000180004d50 f   Cooking.obj
 0001:00003e20       ?cookConvexMesh@Cooking@physx@@UEBA_NAEBVPxConvexMeshDesc@2@AEAVPxOutputStream@2@PEAW4Enum@PxConvexMeshCookingResult@2@@Z 0000000180004e20 f   Cooking.obj
 0001:00004160       ?createConvexMesh@Cooking@physx@@UEBAPEAVPxConvexMesh@2@AEBVPxConvexMeshDesc@2@AEAVPxPhysicsInsertionCallback@2@PEAW4Enum@PxConvexMeshCookingResult@2@@Z 0000000180005160 f   Cooking.obj
 0001:000044f0       ?validateConvexMesh@Cooking@physx@@UEBA_NAEBVPxConvexMeshDesc@2@@Z 00000001800054f0 f   Cooking.obj
 0001:00004570       ?computeHullPolygons@Cooking@physx@@UEBA_NAEBVPxSimpleTriangleMesh@2@AEAVPxAllocatorCallback@2@AEAIAEAPEAVPxVec3@2@2AEAPEAI2AEAPEAUPxHullPolygon@2@@Z 0000000180005570 f   Cooking.obj
 0001:00004850       ?cookHeightField@Cooking@physx@@UEBA_NAEBVPxHeightFieldDesc@2@AEAVPxOutputStream@2@@Z 0000000180005850 f   Cooking.obj
 0001:000049c0       ?createHeightField@Cooking@physx@@UEBAPEAVPxHeightField@2@AEBVPxHeightFieldDesc@2@AEAVPxPhysicsInsertionCallback@2@@Z 00000001800059c0 f   Cooking.obj
 0001:00004cb0       ?cookBVHStructure@Cooking@physx@@UEBA_NAEBVPxBVHStructureDesc@2@AEAVPxOutputStream@2@@Z 0000000180005cb0 f   Cooking.obj
 0001:00004dd0       ?createBVHStructure@Cooking@physx@@UEBAPEAVPxBVHStructure@2@AEBVPxBVHStructureDesc@2@AEAVPxPhysicsInsertionCallback@2@@Z 0000000180005dd0 f   Cooking.obj
 0001:00004f00       ?cookConvexMeshInternal@Cooking@physx@@AEBA_NAEBVPxConvexMeshDesc@2@AEAVConvexMeshBuilder@2@PEAVConvexHullLib@2@PEAW4Enum@PxConvexMeshCookingResult@2@@Z 0000000180005f00 f   Cooking.obj
 0001:00005220       ?cookTriangleMesh@Cooking@physx@@AEBA_NAEAVTriangleMeshBuilder@2@AEBVPxTriangleMeshDesc@2@AEAVPxOutputStream@2@PEAW4Enum@PxTriangleMeshCookingResult@2@@Z 0000000180006220 f   Cooking.obj
 0001:00005300       ?createTriangleMesh@Cooking@physx@@AEBAPEAVPxTriangleMesh@2@AEAVTriangleMeshBuilder@2@AEBVPxTriangleMeshDesc@2@AEAVPxPhysicsInsertionCallback@2@PEAW4Enum@PxTriangleMeshCookingResult@2@@Z 0000000180006300 f   Cooking.obj
 0001:000054e0       ??$?2V?$ReflectionAllocator@VCooking@physx@@@shdfnd@physx@@@UserAllocated@shdfnd@physx@@SAPEAX_KV?$ReflectionAllocator@VCooking@physx@@@12@PEBDH@Z 00000001800064e0 f i Cooking.obj
 0001:00005520       ??$?2V?$ReflectionAllocator@VQuickHullConvexHullLib@physx@@@shdfnd@physx@@@UserAllocated@shdfnd@physx@@SAPEAX_KV?$ReflectionAllocator@VQuickHullConvexHullLib@physx@@@12@PEBDH@Z 0000000180006520 f i Cooking.obj
 0001:00005560       ??$PX_UNUSED@VPxFoundation@physx@@@@YAXAEBVPxFoundation@physx@@@Z 0000000180006560 f i Cooking.obj
 0001:00005570       ??$PX_UNUSED@W4PxIDENTITY@physx@@@@YAXAEBW4PxIDENTITY@physx@@@Z 0000000180006570 f i Cooking.obj
 0001:00005580       ??$PxMax@I@physx@@YAIII@Z  0000000180006580 f i Cooking.obj
 0001:000055b0       ??$PxMin@G@physx@@YAGGG@Z  00000001800065b0 f i Cooking.obj
 0001:000055f0       ??0?$PxBitAndDataT@G$0IAAA@@physx@@QEAA@XZ 00000001800065f0 f i Cooking.obj
 0001:00005610       ??0?$PxFlags@W4Enum@PxBaseFlag@physx@@G@physx@@QEAA@AEBV01@@Z 0000000180006610 f i Cooking.obj
 0001:00005630       ??0?$PxFlags@W4Enum@PxConvexFlag@physx@@G@physx@@QEAA@AEBV01@@Z 0000000180006630 f i Cooking.obj
 0001:00005650       ??0?$PxFlags@W4Enum@PxConvexFlag@physx@@G@physx@@QEAA@W4Enum@PxConvexFlag@1@@Z 0000000180006650 f i Cooking.obj
 0001:00005670       ??0?$PxFlags@W4Enum@PxConvexFlag@physx@@G@physx@@QEAA@XZ 0000000180006670 f i Cooking.obj
 0001:00005690       ??0?$PxFlags@W4Enum@PxHeightFieldFlag@physx@@G@physx@@QEAA@AEBV01@@Z 0000000180006690 f i Cooking.obj
 0001:000056b0       ??0?$PxFlags@W4Enum@PxHeightFieldFlag@physx@@G@physx@@QEAA@W4PxEMPTY@1@@Z 00000001800066b0 f i Cooking.obj
 0001:000056c0       ??0?$PxFlags@W4Enum@PxHeightFieldFlag@physx@@G@physx@@QEAA@XZ 00000001800066c0 f i Cooking.obj
 0001:000056e0       ??0?$PxFlags@W4Enum@PxMeshFlag@physx@@G@physx@@QEAA@AEBV01@@Z 00000001800066e0 f i Cooking.obj
 0001:00005700       ??0?$PxFlags@W4Enum@PxMeshPreprocessingFlag@physx@@I@physx@@QEAA@AEBV01@@Z 0000000180006700 f i Cooking.obj
 0001:00005720       ??0?$ReflectionAllocator@VCooking@physx@@@shdfnd@physx@@QEAA@PEBD@Z 0000000180006720 f i Cooking.obj
 0001:00005730       ??0?$ReflectionAllocator@VHeightField@Gu@physx@@@shdfnd@physx@@QEAA@PEBD@Z 0000000180006730 f i Cooking.obj
 0001:00005740       ??0?$ReflectionAllocator@VQuickHullConvexHullLib@physx@@@shdfnd@physx@@QEAA@PEBD@Z 0000000180006740 f i Cooking.obj
 0001:00005750       ??0CenterExtents@Gu@physx@@QEAA@AEBV012@@Z 0000000180006750 f i Cooking.obj
 0001:000057a0       ??0CenterExtents@Gu@physx@@QEAA@XZ 00000001800067a0 f i Cooking.obj
 0001:000057e0       ??0ConvexHullData@Gu@physx@@QEAA@XZ 00000001800067e0 f i Cooking.obj
 0001:00005830       ??0ConvexHullInitData@Gu@physx@@QEAA@XZ 0000000180006830 f i Cooking.obj
 0001:00005870       ??0Cooking@physx@@QEAA@AEBUPxCookingParams@1@@Z 0000000180006870 f i Cooking.obj
 0001:000058c0       ??0DebugText@Cm@physx@@QEAA@$$QEAU012@@Z 00000001800068c0 f i Cooking.obj
 0001:00005930       ??0DebugText@Cm@physx@@QEAA@AEBU012@@Z 0000000180006930 f i Cooking.obj
 0001:000059a0       ??0HeightFieldData@Gu@physx@@QEAA@$$QEAU012@@Z 00000001800069a0 f i Cooking.obj
 0001:00005a80       ??0HeightFieldData@Gu@physx@@QEAA@AEBU012@@Z 0000000180006a80 f i Cooking.obj
 0001:00005b60       ??0HeightFieldData@Gu@physx@@QEAA@W4PxEMPTY@2@@Z 0000000180006b60 f i Cooking.obj
 0001:00005ba0       ??0HeightFieldData@Gu@physx@@QEAA@XZ 0000000180006ba0 f i Cooking.obj
 0001:00005be0       ??0PxConvexMeshDesc@physx@@QEAA@AEBV01@@Z 0000000180006be0 f i Cooking.obj
 0001:00005c80       ??0PxCooking@physx@@QEAA@XZ 0000000180006c80 f i Cooking.obj
 0001:00005ca0       ??0PxCookingParams@physx@@QEAA@AEBU01@@Z 0000000180006ca0 f i Cooking.obj
 0001:00005d90       ??0PxDebugLine@physx@@QEAA@AEBU01@@Z 0000000180006d90 f i Cooking.obj
 0001:00005e00       ??0PxMat33@physx@@QEAA@XZ  0000000180006e00 f i Cooking.obj
 0001:00005e50       ??0PxMat44@physx@@QEAA@AEBV01@@Z 0000000180006e50 f i Cooking.obj
 0001:00005ed0       ??0PxMat44@physx@@QEAA@W4PxIDENTITY@1@@Z 0000000180006ed0 f i Cooking.obj
 0001:00005f90       ??0PxVec3@physx@@QEAA@AEBV01@@Z 0000000180006f90 f i Cooking.obj
 0001:00005fe0       ??0PxVec3@physx@@QEAA@M@Z  0000000180006fe0 f i Cooking.obj
 0001:00006020       ??0PxVec3@physx@@QEAA@MMM@Z 0000000180007020 f i Cooking.obj
 0001:00006070       ??0PxVec3@physx@@QEAA@XZ   0000000180007070 f i Cooking.obj
 0001:00006080       ??0PxVec4@physx@@QEAA@AEBV01@@Z 0000000180007080 f i Cooking.obj
 0001:000060e0       ??0PxVec4@physx@@QEAA@MMMM@Z 00000001800070e0 f i Cooking.obj
 0001:00006140       ??0RenderOutput@Cm@physx@@QEAA@AEAVRenderBuffer@12@@Z 0000000180007140 f i Cooking.obj
 0001:000061d0       ??0RenderOutput@Cm@physx@@QEAA@AEBV012@@Z 00000001800071d0 f i Cooking.obj
 0001:00006280       ??1CenterExtents@Gu@physx@@QEAA@XZ 0000000180007280 f i Cooking.obj
 0001:00006290       ??1ConvexHullData@Gu@physx@@QEAA@XZ 0000000180007290 f i Cooking.obj
 0001:000062b0       ??1ConvexHullInitData@Gu@physx@@QEAA@XZ 00000001800072b0 f i Cooking.obj
 0001:000062d0       ??1Cooking@physx@@UEAA@XZ  00000001800072d0 f i Cooking.obj
 0001:000062f0       ??1HeightFieldData@Gu@physx@@QEAA@XZ 00000001800072f0 f i Cooking.obj
 0001:00006310       ??1PxBase@physx@@MEAA@XZ   0000000180007310 f i Cooking.obj
 0001:00006330       ??1PxConvexMesh@physx@@MEAA@XZ 0000000180007330 f i Cooking.obj
 0001:00006360       ??1PxCooking@physx@@MEAA@XZ 0000000180007360 f i Cooking.obj
 0001:00006380       ??1PxHeightField@physx@@MEAA@XZ 0000000180007380 f i Cooking.obj
 0001:000063b0       ??2@YAPEAX_KPEAX@Z         00000001800073b0 f i Cooking.obj
 0001:000063c0       ??2UserAllocated@shdfnd@physx@@SAPEAX_KPEAX@Z 00000001800073c0 f i Cooking.obj
 0001:000063d0       ??4?$PxFlags@W4Enum@PxHeightFieldFlag@physx@@G@physx@@QEAAAEAV01@AEBV01@@Z 00000001800073d0 f i Cooking.obj
 0001:000063f0       ??4?$PxFlags@W4Enum@PxMeshPreprocessingFlag@physx@@I@physx@@QEAAAEAV01@AEBV01@@Z 00000001800073f0 f i Cooking.obj
 0001:00006410       ??4CenterExtents@Gu@physx@@QEAAAEAV012@AEBV012@@Z 0000000180007410 f i Cooking.obj
 0001:00006460       ??4DebugText@Cm@physx@@QEAAAEAU012@$$QEAU012@@Z 0000000180007460 f i Cooking.obj
 0001:00006500       ??4DebugText@Cm@physx@@QEAAAEAU012@AEBU012@@Z 0000000180007500 f i Cooking.obj
 0001:000065a0       ??4FPUGuard@shdfnd@physx@@QEAAAEAV012@AEBV012@@Z 00000001800075a0 f i Cooking.obj
 0001:000065d0       ??4HeightFieldData@Gu@physx@@QEAAAEAU012@$$QEAU012@@Z 00000001800075d0 f i Cooking.obj
 0001:000066b0       ??4HeightFieldData@Gu@physx@@QEAAAEAU012@AEBU012@@Z 00000001800076b0 f i Cooking.obj
 0001:00006790       ??4PxCookingParams@physx@@QEAAAEAU01@AEBU01@@Z 0000000180007790 f i Cooking.obj
 0001:00006880       ??4PxVec3@physx@@QEAAAEAV01@AEBV01@@Z 0000000180007880 f i Cooking.obj
 0001:000068d0       ??9?$PxFlags@W4Enum@PxHeightFieldFlag@physx@@G@physx@@QEBA_NAEBV01@@Z 00000001800078d0 f i Cooking.obj
 0001:00006910       ??B?$PxBitAndDataT@E$0IA@@physx@@QEBAEXZ 0000000180007910 f i Cooking.obj
 0001:00006930       ??B?$PxBitAndDataT@G$0IAAA@@physx@@QEBAGXZ 0000000180007930 f i Cooking.obj
 0001:00006950       ??B?$PxFlags@W4Enum@PxBaseFlag@physx@@G@physx@@QEBA_NXZ 0000000180007950 f i Cooking.obj
 0001:00006980       ??B?$PxFlags@W4Enum@PxConvexFlag@physx@@G@physx@@QEBA_NXZ 0000000180007980 f i Cooking.obj
 0001:000069b0       ??B?$PxFlags@W4Enum@PxMeshFlag@physx@@G@physx@@QEBA_NXZ 00000001800079b0 f i Cooking.obj
 0001:000069e0       ??B?$PxFlags@W4Enum@PxMeshPreprocessingFlag@physx@@I@physx@@QEBA_NXZ 00000001800079e0 f i Cooking.obj
 0001:00006a10       ??I?$PxFlags@W4Enum@PxBaseFlag@physx@@G@physx@@QEBA?AV01@W4Enum@PxBaseFlag@1@@Z 0000000180007a10 f i Cooking.obj
 0001:00006a60       ??I?$PxFlags@W4Enum@PxConvexFlag@physx@@G@physx@@QEBA?AV01@W4Enum@PxConvexFlag@1@@Z 0000000180007a60 f i Cooking.obj
 0001:00006ab0       ??I?$PxFlags@W4Enum@PxHeightFieldFlag@physx@@G@physx@@QEBA?AV01@W4Enum@PxHeightFieldFlag@1@@Z 0000000180007ab0 f i Cooking.obj
 0001:00006b00       ??I?$PxFlags@W4Enum@PxMeshFlag@physx@@G@physx@@QEBA?AV01@W4Enum@PxMeshFlag@1@@Z 0000000180007b00 f i Cooking.obj
 0001:00006b50       ??I?$PxFlags@W4Enum@PxMeshPreprocessingFlag@physx@@I@physx@@QEBA?AV01@W4Enum@PxMeshPreprocessingFlag@1@@Z 0000000180007b50 f i Cooking.obj
 0001:00006ba0       ??S?$PxFlags@W4Enum@PxConvexFlag@physx@@G@physx@@QEBA?AV01@XZ 0000000180007ba0 f i Cooking.obj
 0001:00006be0       ??Sphysx@@YA?AV?$PxFlags@W4Enum@PxConvexFlag@physx@@G@0@W4Enum@PxConvexFlag@0@@Z 0000000180007be0 f i Cooking.obj
 0001:00006c20       ??_4?$PxFlags@W4Enum@PxConvexFlag@physx@@G@physx@@QEAAAEAV01@AEBV01@@Z 0000000180007c20 f i Cooking.obj
 0001:00006c50       ??_EPxConvexMesh@physx@@MEAAPEAXI@Z 0000000180007c50 f i Cooking.obj
 0001:00006cf0       ??_EPxHeightField@physx@@MEAAPEAXI@Z 0000000180007cf0 f i Cooking.obj
 0001:00006d90       ??_ECooking@physx@@UEAAPEAXI@Z 0000000180007d90 f i Cooking.obj
 0001:00006d90       ??_GCooking@physx@@UEAAPEAXI@Z 0000000180007d90 f i Cooking.obj
 0001:00006df0       ??_EPxBase@physx@@MEAAPEAXI@Z 0000000180007df0 f i Cooking.obj
 0001:00006df0       ??_GPxBase@physx@@MEAAPEAXI@Z 0000000180007df0 f i Cooking.obj
 0001:00006e30       ??_EPxCooking@physx@@MEAAPEAXI@Z 0000000180007e30 f i Cooking.obj
 0001:00006e30       ??_GPxCooking@physx@@MEAAPEAXI@Z 0000000180007e30 f i Cooking.obj
 0001:00006e70       ?FLoad@aos@shdfnd@physx@@YA?AT__m128@@M@Z 0000000180007e70 f i Cooking.obj
 0001:00006ea0       ?PxMemCopy@physx@@YAPEAXPEAXPEBXI@Z 0000000180007ea0 f i Cooking.obj
 0001:00006ed0       ?V3Load@aos@shdfnd@physx@@YA?AT__m128@@M@Z 0000000180007ed0 f i Cooking.obj
 0001:00006f10       ?V4Load@aos@shdfnd@physx@@YA?AT__m128@@M@Z 0000000180007f10 f i Cooking.obj
 0001:00006f40       ?allocate@?$Array@UPxDebugLine@physx@@VNamedAllocator@shdfnd@2@@shdfnd@physx@@IEAAPEAUPxDebugLine@3@I@Z 0000000180007f40 f i Cooking.obj
 0001:00006fd0       ?allocate@?$ReflectionAllocator@VCooking@physx@@@shdfnd@physx@@QEAAPEAX_KPEBDH@Z 0000000180007fd0 f i Cooking.obj
 0001:00007050       ?allocate@?$ReflectionAllocator@VHeightField@Gu@physx@@@shdfnd@physx@@QEAAPEAX_KPEBDH@Z 0000000180008050 f i Cooking.obj
 0001:000070d0       ?allocate@?$ReflectionAllocator@VQuickHullConvexHullLib@physx@@@shdfnd@physx@@QEAAPEAX_KPEBDH@Z 00000001800080d0 f i Cooking.obj
 0001:00007150       ?capacity@?$Array@UPxDebugLine@physx@@VNamedAllocator@shdfnd@2@@shdfnd@physx@@QEBAIXZ 0000000180008150 f i Cooking.obj
 0001:00007170       ?copy@?$Array@UPxDebugLine@physx@@VNamedAllocator@shdfnd@2@@shdfnd@physx@@KAXPEAUPxDebugLine@3@0PEBU43@@Z 0000000180008170 f i Cooking.obj
 0001:000071f0       ?deallocate@?$Array@UPxDebugLine@physx@@VNamedAllocator@shdfnd@2@@shdfnd@physx@@IEAAXPEAX@Z 00000001800081f0 f i Cooking.obj
 0001:00007220       ?destroy@?$Array@UPxDebugLine@physx@@VNamedAllocator@shdfnd@2@@shdfnd@physx@@KAXPEAUPxDebugLine@3@0@Z 0000000180008220 f i Cooking.obj
 0001:00007250       ?end@?$Array@UPxDebugLine@physx@@VNamedAllocator@shdfnd@2@@shdfnd@physx@@QEAAPEAUPxDebugLine@3@XZ 0000000180008250 f i Cooking.obj
 0001:00007270       ?forceSize_Unsafe@?$Array@UPxDebugLine@physx@@VNamedAllocator@shdfnd@2@@shdfnd@physx@@QEAAXI@Z 0000000180008270 f i Cooking.obj
 0001:000072f0       ?fsel@intrinsics@physx@@YAMMMM@Z 00000001800082f0 f i Cooking.obj
 0001:00007340       ?gatherStrided@Cooking@physx@@SAXPEBXPEAXIII@Z 0000000180008340 f i Cooking.obj
 0001:000073d0       ?getConcreteTypeName@PxConvexMesh@physx@@UEBAPEBDXZ 00000001800083d0 f i Cooking.obj
 0001:000073e0       ?getConcreteTypeName@PxHeightField@physx@@UEBAPEBDXZ 00000001800083e0 f i Cooking.obj
 0001:000073f0       ?getConvexEdgeThreshold@HeightField@Gu@physx@@UEBAMXZ 00000001800083f0 f i Cooking.obj
 0001:00007400       ?getFlags@HeightField@Gu@physx@@UEBA?AV?$PxFlags@W4Enum@PxHeightFieldFlag@physx@@G@3@XZ 0000000180008400 f i Cooking.obj
 0001:00007430       ?getFormat@HeightField@Gu@physx@@UEBA?AW4Enum@PxHeightFieldFormat@3@XZ 0000000180008430 f i Cooking.obj
 0001:00007440       ?getHeight@HeightField@Gu@physx@@QEBAMI@Z 0000000180008440 f i Cooking.obj
 0001:00007470       ?getHeight@HeightField@Gu@physx@@UEBAMMM@Z 0000000180008470 f i Cooking.obj
 0001:000074a0       ?getHeightInternal2@HeightField@Gu@physx@@QEBAMIMM@Z 00000001800084a0 f i Cooking.obj
 0001:00007710       ?getHeightInternal@HeightField@Gu@physx@@QEBAMMM@Z 0000000180008710 f i Cooking.obj
 0001:00007770       ?getHullVertices@ConvexHullData@Gu@physx@@QEBAPEBVPxVec3@3@XZ 0000000180008770 f i Cooking.obj
 0001:000077b0       ?getIndexBuffer@ConvexMesh@Gu@physx@@UEBAPEBEXZ 00000001800087b0 f i Cooking.obj
 0001:000077d0       ?getMaterialIndex0@HeightField@Gu@physx@@QEBAGI@Z 00000001800087d0 f i Cooking.obj
 0001:00007800       ?getMaterialIndex1@HeightField@Gu@physx@@QEBAGI@Z 0000000180008800 f i Cooking.obj
 0001:00007830       ?getMeshData@TriangleMeshBuilder@physx@@QEAAAEAVTriangleMeshData@Gu@2@XZ 0000000180008830 f i Cooking.obj
 0001:00007840       ?getName@?$ReflectionAllocator@VCooking@physx@@@shdfnd@physx@@CAPEBDXZ 0000000180008840 f i Cooking.obj
 0001:00007880       ?getName@?$ReflectionAllocator@VHeightField@Gu@physx@@@shdfnd@physx@@CAPEBDXZ 0000000180008880 f i Cooking.obj
 0001:000078c0       ?getName@?$ReflectionAllocator@VQuickHullConvexHullLib@physx@@@shdfnd@physx@@CAPEBDXZ 00000001800088c0 f i Cooking.obj
 0001:00007900       ?getNbColumns@HeightField@Gu@physx@@UEBAIXZ 0000000180008900 f i Cooking.obj
 0001:00007910       ?getNbColumnsFast@HeightField@Gu@physx@@QEBAIXZ 0000000180008910 f i Cooking.obj
 0001:00007920       ?getNbPolygons@ConvexMesh@Gu@physx@@UEBAIXZ 0000000180008920 f i Cooking.obj
 0001:00007930       ?getNbRows@HeightField@Gu@physx@@UEBAIXZ 0000000180008930 f i Cooking.obj
 0001:00007940       ?getNbVertices@ConvexMesh@Gu@physx@@UEBAIXZ 0000000180008940 f i Cooking.obj
 0001:00007950       ?getPaddedBounds@HeightFieldData@Gu@physx@@QEBAAEBVCenterExtentsPadded@23@XZ 0000000180008950 f i Cooking.obj
 0001:00007960       ?getSample@HeightField@Gu@physx@@QEBAAEBUPxHeightFieldSample@3@I@Z 0000000180008960 f i Cooking.obj
 0001:000079e0       ?getSample@HeightField@Gu@physx@@UEBAAEBUPxHeightFieldSample@3@II@Z 00000001800089e0 f i Cooking.obj
 0001:00007a20       ?getSampleStride@HeightField@Gu@physx@@UEBAIXZ 0000000180008a20 f i Cooking.obj
 0001:00007a30       ?getTimestamp@HeightField@Gu@physx@@UEBAIXZ 0000000180008a30 f i Cooking.obj
 0001:00007a40       ?getTriangleMaterial@HeightField@Gu@physx@@QEBAGI@Z 0000000180008a40 f i Cooking.obj
 0001:00007aa0       ?getTriangleMaterialIndex@HeightField@Gu@physx@@UEBAGI@Z 0000000180008aa0 f i Cooking.obj
 0001:00007ac0       ?getTriangleNormal@HeightField@Gu@physx@@UEBA?AVPxVec3@3@I@Z 0000000180008ac0 f i Cooking.obj
 0001:00007b00       ?getTriangleNormalInternal@HeightField@Gu@physx@@QEBA?AVPxVec3@3@I@Z 0000000180008b00 f i Cooking.obj
 0001:00007d60       ?getTriangleVertexIndices@HeightField@Gu@physx@@QEBAXIAEAI00@Z 0000000180008d60 f i Cooking.obj
 0001:00007eb0       ?getType@PxMidphaseDesc@physx@@QEBA?AW4Enum@PxMeshMidPhase@2@XZ 0000000180008eb0 f i Cooking.obj
 0001:00007ec0       ?getVertexData8@ConvexHullData@Gu@physx@@QEBAPEBEXZ 0000000180008ec0 f i Cooking.obj
 0001:00007fa0       ?getVertices@ConvexMesh@Gu@physx@@UEBAPEBVPxVec3@3@XZ 0000000180008fa0 f i Cooking.obj
 0001:00007fc0       ?grow@?$Array@UPxDebugLine@physx@@VNamedAllocator@shdfnd@2@@shdfnd@physx@@IEAAXI@Z 0000000180008fc0 f i Cooking.obj
 0001:00008040       ?isBitSet@?$PxBitAndDataT@E$0IA@@physx@@QEBAEXZ 0000000180009040 f i Cooking.obj
 0001:00008060       ?isBitSet@?$PxBitAndDataT@G$0IAAA@@physx@@QEBAGXZ 0000000180009060 f i Cooking.obj
 0001:00008080       ?isFirstTriangle@HeightField@Gu@physx@@QEBA_NI@Z 0000000180009080 f i Cooking.obj
 0001:000080c0       ?isInUserMemory@?$Array@UPxDebugLine@physx@@VNamedAllocator@shdfnd@2@@shdfnd@physx@@QEBAIXZ 00000001800090c0 f i Cooking.obj
 0001:000080e0       ?isKindOf@PxBase@physx@@MEBA_NPEBD@Z 00000001800090e0 f i Cooking.obj
 0001:00008120       ?isKindOf@PxConvexMesh@physx@@MEBA_NPEBD@Z 0000000180009120 f i Cooking.obj
 0001:00008180       ?isKindOf@PxHeightField@physx@@MEBA_NPEBD@Z 0000000180009180 f i Cooking.obj
 0001:000081e0       ?isReleasable@PxBase@physx@@UEBA_NXZ 00000001800091e0 f i Cooking.obj
 0001:00008220       ?isValid@PxBVHStructureDesc@physx@@QEBA_NXZ 0000000180009220 f i Cooking.obj
 0001:00008260       ?isValid@PxConvexMeshDesc@physx@@QEBA_NXZ 0000000180009260 f i Cooking.obj
 0001:00008470       ?isValid@PxHeightFieldDesc@physx@@QEBA_NXZ 0000000180009470 f i Cooking.obj
 0001:00008520       ?isValid@PxSimpleTriangleMesh@physx@@QEBA_NXZ 0000000180009520 f i Cooking.obj
 0001:00008600       ?isValid@PxTriangleMeshDesc@physx@@QEBA_NXZ 0000000180009600 f i Cooking.obj
 0001:00008670       ?isValidVertex@HeightField@Gu@physx@@QEBA_NI@Z 0000000180009670 f i Cooking.obj
 0001:000086b0       ?isZerothVertexShared@HeightField@Gu@physx@@QEBA_NI@Z 00000001800096b0 f i Cooking.obj
 0001:00008700       ?littleEndian@shdfnd@physx@@YADXZ 0000000180009700 f i Cooking.obj
 0001:00008720       ?markSerializedMem@Cm@physx@@YAXPEAXI@Z 0000000180009720 f i Cooking.obj
 0001:00008760       ?memCopy@intrinsics@physx@@YAPEAXPEAXPEBXI@Z 0000000180009760 f i Cooking.obj
 0001:00008790       ?outputSegment@RenderOutput@Cm@physx@@QEAAXAEBVPxVec3@3@0@Z 0000000180009790 f i Cooking.obj
 0001:00008810       ?preExportDataReset@ConvexMesh@Gu@physx@@QEAAXXZ 0000000180009810 f i Cooking.obj
 0001:00008830       ?preExportDataReset@HeightField@Gu@physx@@QEAAXXZ 0000000180009830 f i Cooking.obj
 0001:00008850       ?preExportDataReset@RefCountable@Cm@physx@@QEAAXXZ 0000000180009850 f i Cooking.obj
 0001:00008870       ?recreate@?$Array@UPxDebugLine@physx@@VNamedAllocator@shdfnd@2@@shdfnd@physx@@IEAAXI@Z 0000000180009870 f i Cooking.obj
 0001:00008990       ?reserve@?$Array@UPxDebugLine@physx@@VNamedAllocator@shdfnd@2@@shdfnd@physx@@QEAAXI@Z 0000000180009990 f i Cooking.obj
 0001:000089d0       ?reserveSegments@RenderOutput@Cm@physx@@QEAAPEAUPxDebugLine@3@I@Z 00000001800099d0 f i Cooking.obj
 0001:00008a00       ?size@?$Array@UPxDebugLine@physx@@VNamedAllocator@shdfnd@2@@shdfnd@physx@@QEBAIXZ 0000000180009a00 f i Cooking.obj
 0001:00008a10       ?tessFlag@PxHeightFieldSample@physx@@QEBAEXZ 0000000180009a10 f i Cooking.obj
 0001:00008a50       ??0ReducedVertexCloud@physx@@QEAA@PEBVPxVec3@1@I@Z 0000000180009a50 f   CookingUtils.obj
 0001:00008ab0       ??1ReducedVertexCloud@physx@@QEAA@XZ 0000000180009ab0 f   CookingUtils.obj
 0001:00008ad0       ?Clean@ReducedVertexCloud@physx@@QEAAAEAV12@XZ 0000000180009ad0 f   CookingUtils.obj
 0001:00008b40       ?Reduce@ReducedVertexCloud@physx@@QEAA_NPEAUREDUCEDCLOUD@2@@Z 0000000180009b40 f   CookingUtils.obj
 0001:00009040       ??$?_UM@@YAPEAX_KV?$ReflectionAllocator@M@shdfnd@physx@@PEBDH@Z 000000018000a040 f i CookingUtils.obj
 0001:00009080       ??0?$ReflectionAllocator@M@shdfnd@physx@@QEAA@PEBD@Z 000000018000a080 f i CookingUtils.obj
 0001:00009090       ?allocate@?$ReflectionAllocator@M@shdfnd@physx@@QEAAPEAX_KPEBDH@Z 000000018000a090 f i CookingUtils.obj
 0001:00009110       ?getName@?$ReflectionAllocator@M@shdfnd@physx@@CAPEBDXZ 000000018000a110 f i CookingUtils.obj
 0001:00009150       ??0EdgeList@Gu@physx@@QEAA@XZ 000000018000a150 f   EdgeList.obj
 0001:000091a0       ??1EdgeList@Gu@physx@@QEAA@XZ 000000018000a1a0 f   EdgeList.obj
 0001:00009260       ?load@EdgeList@Gu@physx@@QEAA_NAEAVPxInputStream@3@@Z 000000018000a260 f   EdgeList.obj
 0001:00009590       ??0EdgeListBuilder@Gu@physx@@QEAA@XZ 000000018000a590 f   EdgeList.obj
 0001:000095c0       ??1EdgeListBuilder@Gu@physx@@QEAA@XZ 000000018000a5c0 f   EdgeList.obj
 0001:000095e0       ?init@EdgeListBuilder@Gu@physx@@QEAA_NAEBUEDGELISTCREATE@23@@Z 000000018000a5e0 f   EdgeList.obj
 0001:000097c0       ?createFacesToEdges@EdgeListBuilder@Gu@physx@@AEAA_NIPEBIPEBG@Z 000000018000a7c0 f   EdgeList.obj
 0001:00009f90       ?createEdgesToFaces@EdgeListBuilder@Gu@physx@@AEAA_NIPEBIPEBG@Z 000000018000af90 f   EdgeList.obj
 0001:0000a530       ?computeActiveEdges@EdgeListBuilder@Gu@physx@@AEAA_NIPEBIPEBGPEBVPxVec3@3@M@Z 000000018000b530 f   EdgeList.obj
 0001:0000c030       ??$?_UUEdgeData@Gu@physx@@@@YAPEAX_KV?$ReflectionAllocator@UEdgeData@Gu@physx@@@shdfnd@physx@@PEBDH@Z 000000018000d030 f i EdgeList.obj
 0001:0000c070       ??$?_UUEdgeTriangleData@Gu@physx@@@@YAPEAX_KV?$ReflectionAllocator@UEdgeTriangleData@Gu@physx@@@shdfnd@physx@@PEBDH@Z 000000018000d070 f i EdgeList.obj
 0001:0000c0b0       ??0?$ReflectionAllocator@UEdgeData@Gu@physx@@@shdfnd@physx@@QEAA@PEBD@Z 000000018000d0b0 f i EdgeList.obj
 0001:0000c0c0       ??0?$ReflectionAllocator@UEdgeTriangleData@Gu@physx@@@shdfnd@physx@@QEAA@PEBD@Z 000000018000d0c0 f i EdgeList.obj
 0001:0000c0d0       ??0PxPlane@physx@@QEAA@AEBVPxVec3@1@00@Z 000000018000d0d0 f i EdgeList.obj
 0001:0000c190       ??0PxTriangle@physx@@QEAA@AEBVPxVec3@1@00@Z 000000018000d190 f i EdgeList.obj
 0001:0000c240       ??1PxTriangle@physx@@QEAA@XZ 000000018000d240 f i EdgeList.obj
 0001:0000c250       ??DPxVec3@physx@@QEBA?AV01@M@Z 000000018000d250 f i EdgeList.obj
 0001:0000c2c0       ??GPxVec3@physx@@QEBA?AV01@AEBV01@@Z 000000018000d2c0 f i EdgeList.obj
 0001:0000c340       ??_0PxVec3@physx@@QEAAAEAV01@M@Z 000000018000d340 f i EdgeList.obj
 0001:0000c3c0       ?PxAtan2@physx@@YAMMM@Z    000000018000d3c0 f i EdgeList.obj
 0001:0000c3f0       ?PxRecipSqrt@physx@@YAMM@Z 000000018000d3f0 f i EdgeList.obj
 0001:0000c410       ?PxSqrt@physx@@YAMM@Z      000000018000d410 f i EdgeList.obj
 0001:0000c430       ?allocate@?$ReflectionAllocator@UEdgeData@Gu@physx@@@shdfnd@physx@@QEAAPEAX_KPEBDH@Z 000000018000d430 f i EdgeList.obj
 0001:0000c4b0       ?allocate@?$ReflectionAllocator@UEdgeTriangleData@Gu@physx@@@shdfnd@physx@@QEAAPEAX_KPEBDH@Z 000000018000d4b0 f i EdgeList.obj
 0001:0000c530       ?angle@shdfnd@physx@@YAMAEBVPxVec3@2@0@Z 000000018000d530 f i EdgeList.obj
 0001:0000c590       ?cross@PxVec3@physx@@QEBA?AV12@AEBV12@@Z 000000018000d590 f i EdgeList.obj
 0001:0000c650       ?distance@PxPlane@physx@@QEBAMAEBVPxVec3@2@@Z 000000018000d650 f i EdgeList.obj
 0001:0000c680       ?dot@PxVec3@physx@@QEBAMAEBV12@@Z 000000018000d680 f i EdgeList.obj
 0001:0000c6d0       ?getEdgeToTriangles@EdgeList@Gu@physx@@QEBAPEBUEdgeDescData@23@XZ 000000018000d6d0 f i EdgeList.obj
 0001:0000c6e0       ?getEdges@EdgeList@Gu@physx@@QEBAPEBUEdgeData@23@XZ 000000018000d6e0 f i EdgeList.obj
 0001:0000c6f0       ?getFacesByEdges@EdgeList@Gu@physx@@QEBAPEBIXZ 000000018000d6f0 f i EdgeList.obj
 0001:0000c700       ?getName@?$ReflectionAllocator@UEdgeData@Gu@physx@@@shdfnd@physx@@CAPEBDXZ 000000018000d700 f i EdgeList.obj
 0001:0000c740       ?getName@?$ReflectionAllocator@UEdgeTriangleData@Gu@physx@@@shdfnd@physx@@CAPEBDXZ 000000018000d740 f i EdgeList.obj
 0001:0000c780       ?getNbEdges@EdgeList@Gu@physx@@QEBAIXZ 000000018000d780 f i EdgeList.obj
 0001:0000c790       ?getNormalized@PxVec3@physx@@QEBA?AV12@XZ 000000018000d790 f i EdgeList.obj
 0001:0000c820       ?magnitude@PxVec3@physx@@QEBAMXZ 000000018000d820 f i EdgeList.obj
 0001:0000c840       ?magnitudeSquared@PxVec3@physx@@QEBAMXZ 000000018000d840 f i EdgeList.obj
 0001:0000c890       ?normal@PxTriangle@physx@@QEBAXAEAVPxVec3@2@@Z 000000018000d890 f i EdgeList.obj
 0001:0000c950       ?normalize@PxVec3@physx@@QEAAMXZ 000000018000d950 f i EdgeList.obj
 0001:0000c9a0       ?recipSqrt@intrinsics@physx@@YAMM@Z 000000018000d9a0 f i EdgeList.obj
 0001:0000c9d0       ?sqrt@intrinsics@physx@@YAMM@Z 000000018000d9d0 f i EdgeList.obj
 0001:0000c9f0       fabsf                      000000018000d9f0 f i EdgeList.obj
 0001:0000ca10       ??0MeshCleaner@physx@@QEAA@IPEBVPxVec3@1@IPEBIM@Z 000000018000da10 f   MeshCleaner.obj
 0001:0000d6f0       ??1MeshCleaner@physx@@QEAA@XZ 000000018000e6f0 f   MeshCleaner.obj
 0001:0000da00       ??9Indices@@QEBA_NAEBU0@@Z 000000018000ea00 f i MeshCleaner.obj
 0001:0000daa0       ??9PxVec3@physx@@QEBA_NAEBV01@@Z 000000018000eaa0 f i MeshCleaner.obj
 0001:0000db10       ?PxFloor@physx@@YAMM@Z     000000018000eb10 f i MeshCleaner.obj
 0001:0000db30       ?nextPowerOfTwo@shdfnd@physx@@YAII@Z 000000018000eb30 f i MeshCleaner.obj
 0001:0000dba0       ?createQuantizer@physx@@YAPEAVQuantizer@1@XZ 000000018000eba0 f   Quantizer.obj
 0001:0000dc20       ?kmeans_cluster3d@@YAIPEBVPxVec3@physx@@IIPEAV12@PEAIMM@Z 000000018000ec20 f   Quantizer.obj
 0001:0000dc80       ??$?2V?$ReflectionAllocator@VQuantizerImpl@@@shdfnd@physx@@@UserAllocated@shdfnd@physx@@SAPEAX_KV?$ReflectionAllocator@VQuantizerImpl@@@12@PEBDH@Z 000000018000ec80 f i Quantizer.obj
 0001:0000dcc0       ??$PX_UNUSED@W4PxZERO@physx@@@@YAXAEBW4PxZERO@physx@@@Z 000000018000ecc0 f i Quantizer.obj
 0001:0000dcd0       ??$PxMax@M@physx@@YAMMM@Z  000000018000ecd0 f i Quantizer.obj
 0001:0000dd00       ??$PxMin@M@physx@@YAMMM@Z  000000018000ed00 f i Quantizer.obj
 0001:0000dd30       ??$kmeans_cluster@VPxVec3@physx@@M@@YAIPEBVPxVec3@physx@@IIPEAV01@PEAIMM@Z 000000018000ed30 f i Quantizer.obj
 0001:0000e490       ??0?$Array@VPxVec3@physx@@VNamedAllocator@shdfnd@2@@shdfnd@physx@@QEAA@AEBVNamedAllocator@12@@Z 000000018000f490 f i Quantizer.obj
 0001:0000e4e0       ??0?$ReflectionAllocator@VQuantizerImpl@@@shdfnd@physx@@QEAA@PEBD@Z 000000018000f4e0 f i Quantizer.obj
 0001:0000e4f0       ??0PxBounds3@physx@@QEAA@XZ 000000018000f4f0 f i Quantizer.obj
 0001:0000e530       ??0PxVec3@physx@@QEAA@W4PxZERO@1@@Z 000000018000f530 f i Quantizer.obj
 0001:0000e580       ??0Quantizer@physx@@QEAA@XZ 000000018000f580 f i Quantizer.obj
 0001:0000e5a0       ??0QuantizerImpl@@QEAA@XZ  000000018000f5a0 f i Quantizer.obj
 0001:0000e6a0       ??1?$Array@VPxVec3@physx@@VNamedAllocator@shdfnd@2@@shdfnd@physx@@QEAA@XZ 000000018000f6a0 f i Quantizer.obj
 0001:0000e710       ??1Quantizer@physx@@MEAA@XZ 000000018000f710 f i Quantizer.obj
 0001:0000e730       ??1QuantizerImpl@@EEAA@XZ  000000018000f730 f i Quantizer.obj
 0001:0000e780       ??A?$Array@VPxVec3@physx@@VNamedAllocator@shdfnd@2@@shdfnd@physx@@QEAAAEAVPxVec3@2@I@Z 000000018000f780 f i Quantizer.obj
 0001:0000e800       ??APxVec3@physx@@QEAAAEAMI@Z 000000018000f800 f i Quantizer.obj
 0001:0000e820       ??HPxVec3@physx@@QEBA?AV01@AEBV01@@Z 000000018000f820 f i Quantizer.obj
 0001:0000e8a0       ??XPxVec3@physx@@QEAAAEAV01@M@Z 000000018000f8a0 f i Quantizer.obj
 0001:0000e900       ??YPxVec3@physx@@QEAAAEAV01@AEBV01@@Z 000000018000f900 f i Quantizer.obj
 0001:0000e970       ??_EQuantizer@physx@@MEAAPEAXI@Z 000000018000f970 f i Quantizer.obj
 0001:0000e970       ??_GQuantizer@physx@@MEAAPEAXI@Z 000000018000f970 f i Quantizer.obj
 0001:0000e9b0       ??_EQuantizerImpl@@EEAAPEAXI@Z 000000018000f9b0 f i Quantizer.obj
 0001:0000e9b0       ??_GQuantizerImpl@@EEAAPEAXI@Z 000000018000f9b0 f i Quantizer.obj
 0001:0000ea10       ?PxAbs@physx@@YAMM@Z       000000018000fa10 f i Quantizer.obj
 0001:0000ea30       ?abs@intrinsics@physx@@YAMM@Z 000000018000fa30 f i Quantizer.obj
 0001:0000ea50       ?allocate@?$Array@VPxVec3@physx@@VNamedAllocator@shdfnd@2@@shdfnd@physx@@IEAAPEAVPxVec3@3@I@Z 000000018000fa50 f i Quantizer.obj
 0001:0000eae0       ?allocate@?$ReflectionAllocator@VQuantizerImpl@@@shdfnd@physx@@QEAAPEAX_KPEBDH@Z 000000018000fae0 f i Quantizer.obj
 0001:0000eb60       ?capacity@?$Array@VPxVec3@physx@@VNamedAllocator@shdfnd@2@@shdfnd@physx@@QEBAIXZ 000000018000fb60 f i Quantizer.obj
 0001:0000eb80       ?capacityIncrement@?$Array@VPxVec3@physx@@VNamedAllocator@shdfnd@2@@shdfnd@physx@@IEBAIXZ 000000018000fb80 f i Quantizer.obj
 0001:0000ebc0       ?clear@?$Array@VPxVec3@physx@@VNamedAllocator@shdfnd@2@@shdfnd@physx@@QEAAXXZ 000000018000fbc0 f i Quantizer.obj
 0001:0000ec00       ?copy@?$Array@VPxVec3@physx@@VNamedAllocator@shdfnd@2@@shdfnd@physx@@KAXPEAVPxVec3@3@0PEBV43@@Z 000000018000fc00 f i Quantizer.obj
 0001:0000ec80       ?deallocate@?$Array@VPxVec3@physx@@VNamedAllocator@shdfnd@2@@shdfnd@physx@@IEAAXPEAX@Z 000000018000fc80 f i Quantizer.obj
 0001:0000ecb0       ?destroy@?$Array@VPxVec3@physx@@VNamedAllocator@shdfnd@2@@shdfnd@physx@@KAXPEAVPxVec3@3@0@Z 000000018000fcb0 f i Quantizer.obj
 0001:0000ece0       ?getCenter@PxBounds3@physx@@QEBA?AVPxVec3@2@XZ 000000018000fce0 f i Quantizer.obj
 0001:0000ed30       ?getDenormalizeCenter@QuantizerImpl@@UEBAAEBVPxVec3@physx@@XZ 000000018000fd30 f i Quantizer.obj
 0001:0000ed40       ?getDenormalizeScale@QuantizerImpl@@UEBAAEBVPxVec3@physx@@XZ 000000018000fd40 f i Quantizer.obj
 0001:0000ed50       ?getDimensions@PxBounds3@physx@@QEBA?AVPxVec3@2@XZ 000000018000fd50 f i Quantizer.obj
 0001:0000ed90       ?getName@?$ReflectionAllocator@VQuantizerImpl@@@shdfnd@physx@@CAPEBDXZ 000000018000fd90 f i Quantizer.obj
 0001:0000edd0       ?growAndPushBack@?$Array@VPxVec3@physx@@VNamedAllocator@shdfnd@2@@shdfnd@physx@@IEAAAEAVPxVec3@3@AEBV43@@Z 000000018000fdd0 f i Quantizer.obj
 0001:0000ef60       ?include@PxBounds3@physx@@QEAAXAEBVPxVec3@2@@Z 000000018000ff60 f i Quantizer.obj
 0001:0000efd0       ?isInUserMemory@?$Array@VPxVec3@physx@@VNamedAllocator@shdfnd@2@@shdfnd@physx@@QEBAIXZ 000000018000ffd0 f i Quantizer.obj
 0001:0000eff0       ?kmeansQuantize3D@QuantizerImpl@@UEAAPEBVPxVec3@physx@@IPEBV23@I_NIAEAI@Z 000000018000fff0 f i Quantizer.obj
 0001:0000f330       ?maximum@PxVec3@physx@@QEBA?AV12@AEBV12@@Z 0000000180010330 f i Quantizer.obj
 0001:0000f3d0       ?minimum@PxVec3@physx@@QEBA?AV12@AEBV12@@Z 00000001800103d0 f i Quantizer.obj
 0001:0000f470       ?multiply@PxVec3@physx@@QEBA?AV12@AEBV12@@Z 0000000180010470 f i Quantizer.obj
 0001:0000f4f0       ?normalizeInput@QuantizerImpl@@AEAAXIPEBVPxVec3@physx@@I@Z 00000001800104f0 f i Quantizer.obj
 0001:0000f7a0       ?pushBack@?$Array@VPxVec3@physx@@VNamedAllocator@shdfnd@2@@shdfnd@physx@@QEAAAEAVPxVec3@3@AEBV43@@Z 00000001800107a0 f i Quantizer.obj
 0001:0000f840       ?release@QuantizerImpl@@UEAAXXZ 0000000180010840 f i Quantizer.obj
 0001:0000f890       ?selectMax@intrinsics@physx@@YAMMM@Z 0000000180010890 f i Quantizer.obj
 0001:0000f8d0       ?selectMin@intrinsics@physx@@YAMMM@Z 00000001800108d0 f i Quantizer.obj
 0001:0000f910       ?setEmpty@PxBounds3@physx@@QEAAXXZ 0000000180010910 f i Quantizer.obj
 0001:0000f970       ??0BVHStructureBuilder@physx@@QEAA@XZ 0000000180010970 f   BVHStructureBuilder.obj
 0001:0000f9c0       ??1BVHStructureBuilder@physx@@QEAA@XZ 00000001800109c0 f   BVHStructureBuilder.obj
 0001:0000fa60       ?loadFromDesc@BVHStructureBuilder@physx@@QEAA_NAEBVPxBVHStructureDesc@2@@Z 0000000180010a60 f   BVHStructureBuilder.obj
 0001:0000fdb0       ?save@BVHStructureBuilder@physx@@QEBA_NAEAVPxOutputStream@2@_N@Z 0000000180010db0 f   BVHStructureBuilder.obj
 0001:0000ffb0       ?moveData@BVHStructureBuilder@physx@@QEAAXAEAUBVHStructureData@Gu@2@@Z 0000000180010fb0 f   BVHStructureBuilder.obj
 0001:00010060       ?flatten@@YAXAEBVNodeAllocator@Gu@physx@@PEAUBVHNode@23@@Z 0000000180011060 f   BVHStructureBuilder.obj
 0001:00010400       ??$?4VNamedAllocator@shdfnd@physx@@@?$Array@USlab@NodeAllocator@Gu@physx@@VNamedAllocator@shdfnd@4@@shdfnd@physx@@QEAAAEAV012@AEBV012@@Z 0000000180011400 f i BVHStructureBuilder.obj
 0001:00010490       ??$PX_UNUSED@_N@@YAXAEB_N@Z 0000000180011490 f i BVHStructureBuilder.obj
 0001:000104a0       ??$copy@VNamedAllocator@shdfnd@physx@@@?$Array@USlab@NodeAllocator@Gu@physx@@VNamedAllocator@shdfnd@4@@shdfnd@physx@@IEAAXAEBV012@@Z 00000001800114a0 f i BVHStructureBuilder.obj
 0001:00010560       ??0?$Array@USlab@NodeAllocator@Gu@physx@@VNamedAllocator@shdfnd@4@@shdfnd@physx@@QEAA@AEBV012@AEBVNamedAllocator@12@@Z 0000000180011560 f i BVHStructureBuilder.obj
 0001:000105a0       ??0AABBTreeBuildNode@Gu@physx@@QEAA@AEBV012@@Z 00000001800115a0 f i BVHStructureBuilder.obj
 0001:00010600       ??0AABBTreeBuildNode@Gu@physx@@QEAA@XZ 0000000180011600 f i BVHStructureBuilder.obj
 0001:00010630       ??0AABBTreeBuildParams@Gu@physx@@QEAA@IIPEBVPxBounds3@2@@Z 0000000180011630 f i BVHStructureBuilder.obj
 0001:00010680       ??0BuildStats@Gu@physx@@QEAA@XZ 0000000180011680 f i BVHStructureBuilder.obj
 0001:000106b0       ??0NodeAllocator@Gu@physx@@QEAA@AEBV012@@Z 00000001800116b0 f i BVHStructureBuilder.obj
 0001:00010740       ??0PxBounds3@physx@@QEAA@AEBV01@@Z 0000000180011740 f i BVHStructureBuilder.obj
 0001:00010790       ??0PxVec4@physx@@QEAA@XZ   0000000180011790 f i BVHStructureBuilder.obj
 0001:000107a0       ??1AABBTreeBuildNode@Gu@physx@@QEAA@XZ 00000001800117a0 f i BVHStructureBuilder.obj
 0001:000107b0       ??1AABBTreeBuildParams@Gu@physx@@QEAA@XZ 00000001800117b0 f i BVHStructureBuilder.obj
 0001:000107d0       ??4?$Array@USlab@NodeAllocator@Gu@physx@@VNamedAllocator@shdfnd@4@@shdfnd@physx@@QEAAAEAV012@AEBV012@@Z 00000001800117d0 f i BVHStructureBuilder.obj
 0001:00010800       ??4AABBTreeBuildNode@Gu@physx@@QEAAAEAV012@AEBV012@@Z 0000000180011800 f i BVHStructureBuilder.obj
 0001:00010860       ??4AABBTreeBuildParams@Gu@physx@@QEAAAEAV012@AEBV012@@Z 0000000180011860 f i BVHStructureBuilder.obj
 0001:00010890       ??4BuildStats@Gu@physx@@QEAAAEAU012@$$QEAU012@@Z 0000000180011890 f i BVHStructureBuilder.obj
 0001:000108c0       ??4BuildStats@Gu@physx@@QEAAAEAU012@AEBU012@@Z 00000001800118c0 f i BVHStructureBuilder.obj
 0001:000108e0       ??4NodeAllocator@Gu@physx@@QEAAAEAV012@AEBV012@@Z 00000001800118e0 f i BVHStructureBuilder.obj
 0001:00010950       ??4PxBounds3@physx@@QEAAAEAV01@AEBV01@@Z 0000000180011950 f i BVHStructureBuilder.obj
 0001:000109a0       ??A?$Array@USlab@NodeAllocator@Gu@physx@@VNamedAllocator@shdfnd@4@@shdfnd@physx@@QEBAAEBUSlab@NodeAllocator@Gu@2@I@Z 00000001800119a0 f i BVHStructureBuilder.obj
 0001:00010a20       ??_FAABBTreeBuildParams@Gu@physx@@QEAAXXZ 0000000180011a20 f i BVHStructureBuilder.obj
 0001:00010a50       ?V4Add@aos@shdfnd@physx@@YA?AT__m128@@T4@0@Z 0000000180011a50 f i BVHStructureBuilder.obj
 0001:00010a80       ?V4LoadU@aos@shdfnd@physx@@YA?AT__m128@@QEBM@Z 0000000180011a80 f i BVHStructureBuilder.obj
 0001:00010aa0       ?V4Scale@aos@shdfnd@physx@@YA?AT__m128@@T4@0@Z 0000000180011aa0 f i BVHStructureBuilder.obj
 0001:00010ad0       ?V4StoreA@aos@shdfnd@physx@@YAXT__m128@@PEAM@Z 0000000180011ad0 f i BVHStructureBuilder.obj
 0001:00010b50       ?V4StoreU@aos@shdfnd@physx@@YAXT__m128@@PEAM@Z 0000000180011b50 f i BVHStructureBuilder.obj
 0001:00010b70       ?V4Sub@aos@shdfnd@physx@@YA?AT__m128@@T4@0@Z 0000000180011b70 f i BVHStructureBuilder.obj
 0001:00010ba0       ?__global_array_delete@@YAXPEAX@Z 0000000180011ba0 f i BVHStructureBuilder.obj
 0001:00010bc0       ?__global_array_delete@@YAXPEAX_K@Z 0000000180011bc0 f i BVHStructureBuilder.obj
 0001:00010bf0       ?__global_delete@@YAXPEAX@Z 0000000180011bf0 f i BVHStructureBuilder.obj
 0001:00010c10       ?__global_delete@@YAXPEAX_K@Z 0000000180011c10 f i BVHStructureBuilder.obj
 0001:00010c40       ?allocate@?$Array@USlab@NodeAllocator@Gu@physx@@VNamedAllocator@shdfnd@4@@shdfnd@physx@@IEAAPEAUSlab@NodeAllocator@Gu@3@I@Z 0000000180011c40 f i BVHStructureBuilder.obj
 0001:00010cd0       ?begin@?$Array@USlab@NodeAllocator@Gu@physx@@VNamedAllocator@shdfnd@4@@shdfnd@physx@@QEBAPEBUSlab@NodeAllocator@Gu@3@XZ 0000000180011cd0 f i BVHStructureBuilder.obj
 0001:00010ce0       ?capacity@?$Array@USlab@NodeAllocator@Gu@physx@@VNamedAllocator@shdfnd@4@@shdfnd@physx@@QEBAIXZ 0000000180011ce0 f i BVHStructureBuilder.obj
 0001:00010d00       ?clear@?$Array@USlab@NodeAllocator@Gu@physx@@VNamedAllocator@shdfnd@4@@shdfnd@physx@@QEAAXXZ 0000000180011d00 f i BVHStructureBuilder.obj
 0001:00010d40       ?copy@?$Array@USlab@NodeAllocator@Gu@physx@@VNamedAllocator@shdfnd@4@@shdfnd@physx@@KAXPEAUSlab@NodeAllocator@Gu@3@0PEBU4563@@Z 0000000180011d40 f i BVHStructureBuilder.obj
 0001:00010dc0       ?deallocate@?$Array@USlab@NodeAllocator@Gu@physx@@VNamedAllocator@shdfnd@4@@shdfnd@physx@@IEAAXPEAX@Z 0000000180011dc0 f i BVHStructureBuilder.obj
 0001:00010df0       ?destroy@?$Array@USlab@NodeAllocator@Gu@physx@@VNamedAllocator@shdfnd@4@@shdfnd@physx@@KAXPEAUSlab@NodeAllocator@Gu@3@0@Z 0000000180011df0 f i BVHStructureBuilder.obj
 0001:00010e20       ?empty@?$Array@USlab@NodeAllocator@Gu@physx@@VNamedAllocator@shdfnd@4@@shdfnd@physx@@QEBA_NXZ 0000000180011e20 f i BVHStructureBuilder.obj
 0001:00010e50       ?getAABB@AABBTreeBuildNode@Gu@physx@@QEBAAEBVPxBounds3@3@XZ 0000000180011e50 f i BVHStructureBuilder.obj
 0001:00010e60       ?getCount@BuildStats@Gu@physx@@QEBAIXZ 0000000180011e60 f i BVHStructureBuilder.obj
 0001:00010e70       ?getNbPrimitives@AABBTreeBuildNode@Gu@physx@@QEBAIXZ 0000000180011e70 f i BVHStructureBuilder.obj
 0001:00010e80       ?getNbRuntimePrimitives@AABBTreeBuildNode@Gu@physx@@QEBAIXZ 0000000180011e80 f i BVHStructureBuilder.obj
 0001:00010e90       ?getNeg@AABBTreeBuildNode@Gu@physx@@QEBAPEBV123@XZ 0000000180011e90 f i BVHStructureBuilder.obj
 0001:00010ed0       ?getPos@AABBTreeBuildNode@Gu@physx@@QEBAPEBV123@XZ 0000000180011ed0 f i BVHStructureBuilder.obj
 0001:00010ee0       ?getPrimitives@AABBTreeBuildNode@Gu@physx@@QEAAPEAIPEAI@Z 0000000180011ee0 f i BVHStructureBuilder.obj
 0001:00010f00       ?getPrimitives@AABBTreeBuildNode@Gu@physx@@QEBAPEBIPEBI@Z 0000000180011f00 f i BVHStructureBuilder.obj
 0001:00010f20       ?grow@?$Array@USlab@NodeAllocator@Gu@physx@@VNamedAllocator@shdfnd@4@@shdfnd@physx@@IEAAXI@Z 0000000180011f20 f i BVHStructureBuilder.obj
 0001:00010fa0       ?increaseCount@BuildStats@Gu@physx@@QEAAXI@Z 0000000180011fa0 f i BVHStructureBuilder.obj
 0001:00010fc0       ?inflateBounds@@YAXAEAVPxBounds3@physx@@AEBV12@@Z 0000000180011fc0 f i BVHStructureBuilder.obj
 0001:000111b0       ?isAligned16@aos@shdfnd@physx@@YA_NPEAX@Z 00000001800121b0 f i BVHStructureBuilder.obj
 0001:000111e0       ?isInUserMemory@?$Array@USlab@NodeAllocator@Gu@physx@@VNamedAllocator@shdfnd@4@@shdfnd@physx@@QEBAIXZ 00000001800121e0 f i BVHStructureBuilder.obj
 0001:00011200       ?isLeaf@AABBTreeBuildNode@Gu@physx@@QEBA_NXZ 0000000180012200 f i BVHStructureBuilder.obj
 0001:00011240       ?recreate@?$Array@USlab@NodeAllocator@Gu@physx@@VNamedAllocator@shdfnd@4@@shdfnd@physx@@IEAAXI@Z 0000000180012240 f i BVHStructureBuilder.obj
 0001:00011360       ?reserve@?$Array@USlab@NodeAllocator@Gu@physx@@VNamedAllocator@shdfnd@4@@shdfnd@physx@@QEAAXI@Z 0000000180012360 f i BVHStructureBuilder.obj
 0001:000113a0       ?reset@AABBTreeBuildParams@Gu@physx@@QEAAXXZ 00000001800123a0 f i BVHStructureBuilder.obj
 0001:00011400       ?reset@BuildStats@Gu@physx@@QEAAXXZ 0000000180012400 f i BVHStructureBuilder.obj
 0001:00011420       ?setCount@BuildStats@Gu@physx@@QEAAXI@Z 0000000180012420 f i BVHStructureBuilder.obj
 0001:00011440       ?setNbRunTimePrimitives@AABBTreeBuildNode@Gu@physx@@QEAAXI@Z 0000000180012440 f i BVHStructureBuilder.obj
 0001:00011460       ?size@?$Array@USlab@NodeAllocator@Gu@physx@@VNamedAllocator@shdfnd@4@@shdfnd@physx@@QEBAIXZ 0000000180012460 f i BVHStructureBuilder.obj
 0001:00011470       ?saveHeightField@physx@@YA_NAEBVHeightField@Gu@1@AEAVPxOutputStream@1@_N@Z 0000000180012470 f   HeightFieldCooking.obj
 0001:00011820       ??APxVec3@physx@@QEBAAEBMI@Z 0000000180012820 f i HeightFieldCooking.obj
 0001:00011840       ??B?$PxFlags@W4Enum@PxHeightFieldFlag@physx@@G@physx@@QEBAGXZ 0000000180012840 f i HeightFieldCooking.obj
 0001:00011850       ?getData@HeightField@Gu@physx@@QEBAAEBUHeightFieldData@23@XZ 0000000180012850 f i HeightFieldCooking.obj
 0001:00011860       ?getMax@CenterExtents@Gu@physx@@QEBAMI@Z 0000000180012860 f i HeightFieldCooking.obj
 0001:000118b0       ?getMin@CenterExtents@Gu@physx@@QEBAMI@Z 00000001800128b0 f i HeightFieldCooking.obj
 0001:00011900       ?buildFromTriangles@RTreeCooker@physx@@SAXAEAURTree@Gu@2@PEBVPxVec3@2@IPEBGPEBIIAEAV?$Array@IVNamedAllocator@shdfnd@physx@@@shdfnd@2@PEAURemapCallback@12@MW4Enum@PxMeshCookingHint@2@@Z 0000000180012900 f   RTreeCooking.obj
 0001:00013160       ??$PX_UNUSED@I@@YAXAEBI@Z  0000000180014160 f i RTreeCooking.obj
 0001:00013170       ??$PX_UNUSED@M@@YAXAEBM@Z  0000000180014170 f i RTreeCooking.obj
 0001:00013180       ??$PX_UNUSED@PEAURTreeNodeNQ@physx@@@@YAXAEBQEAURTreeNodeNQ@physx@@@Z 0000000180014180 f i RTreeCooking.obj
 0001:00013190       ??$PX_UNUSED@URTreeNodeNQ@physx@@@@YAXAEBURTreeNodeNQ@physx@@@Z 0000000180014190 f i RTreeCooking.obj
 0001:000131a0       ??$PxMax@H@physx@@YAHHH@Z  00000001800141a0 f i RTreeCooking.obj
 0001:000131d0       ??$PxMin@I@physx@@YAIII@Z  00000001800141d0 f i RTreeCooking.obj
 0001:00013200       ??$median3@I$$CBU?$Less@I@shdfnd@physx@@@internal@shdfnd@physx@@YAXPEAIHHAEBU?$Less@I@12@@Z 0000000180014200 f i RTreeCooking.obj
 0001:00013370       ??$median3@I$$CBUSortBoundsPredicate@physx@@@internal@shdfnd@physx@@YAXPEAIHHAEBUSortBoundsPredicate@2@@Z 0000000180014370 f i RTreeCooking.obj
 0001:000134e0       ??$partition@I$$CBU?$Less@I@shdfnd@physx@@@internal@shdfnd@physx@@YAHPEAIHHAEBU?$Less@I@12@@Z 00000001800144e0 f i RTreeCooking.obj
 0001:000136d0       ??$partition@I$$CBUSortBoundsPredicate@physx@@@internal@shdfnd@physx@@YAHPEAIHHAEBUSortBoundsPredicate@2@@Z 00000001800146d0 f i RTreeCooking.obj
 0001:000138c0       ??$partition@UBoundsLTE@physx@@@quickSelect@physx@@YAIPEIAIIIIAEBUBoundsLTE@1@@Z 00000001800148c0 f i RTreeCooking.obj
 0001:00013c10       ??$quickSelectFirstK@UBoundsLTE@physx@@@quickSelect@physx@@YAXPEIAIIIIAEBUBoundsLTE@1@@Z 0000000180014c10 f i RTreeCooking.obj
 0001:00013d70       ??$smallSort@I$$CBU?$Less@I@shdfnd@physx@@@internal@shdfnd@physx@@YAXPEAIHHAEBU?$Less@I@12@@Z 0000000180014d70 f i RTreeCooking.obj
 0001:00013e50       ??$smallSort@I$$CBUSortBoundsPredicate@physx@@@internal@shdfnd@physx@@YAXPEAIHHAEBUSortBoundsPredicate@2@@Z 0000000180014e50 f i RTreeCooking.obj
 0001:00013f30       ??$sort@I@shdfnd@physx@@YAXPEAII@Z 0000000180014f30 f i RTreeCooking.obj
 0001:00013f80       ??$sort@IU?$Less@I@shdfnd@physx@@VNamedAllocator@23@@shdfnd@physx@@YAXPEAIIAEBU?$Less@I@01@AEBVNamedAllocator@01@I@Z 0000000180014f80 f i RTreeCooking.obj
 0001:00014270       ??$sort@IUSortBoundsPredicate@physx@@@shdfnd@physx@@YAXPEAIIAEBUSortBoundsPredicate@1@@Z 0000000180015270 f i RTreeCooking.obj
 0001:000142c0       ??$sort@IUSortBoundsPredicate@physx@@VNamedAllocator@shdfnd@2@@shdfnd@physx@@YAXPEAIIAEBUSortBoundsPredicate@1@AEBVNamedAllocator@01@I@Z 00000001800152c0 f i RTreeCooking.obj
 0001:000145b0       ??0?$AlignedAllocator@$0IA@VNonTrackingAllocator@shdfnd@physx@@@shdfnd@physx@@QEAA@AEBVNonTrackingAllocator@12@@Z 00000001800155b0 f i RTreeCooking.obj
 0001:000145c0       ??0?$Array@IVNamedAllocator@shdfnd@physx@@@shdfnd@physx@@QEAA@IAEBIAEBVNamedAllocator@12@@Z 00000001800155c0 f i RTreeCooking.obj
 0001:00014630       ??0?$Array@UInterval@physx@@V?$InlineAllocator@$0CAAA@VNamedAllocator@shdfnd@physx@@@shdfnd@2@@shdfnd@physx@@QEAA@AEBV?$InlineAllocator@$0CAAA@VNamedAllocator@shdfnd@physx@@@12@@Z 0000000180015630 f i RTreeCooking.obj
 0001:00014690       ??0?$Array@UPxBounds3V@physx@@VNamedAllocator@shdfnd@2@@shdfnd@physx@@QEAA@AEBVNamedAllocator@12@@Z 0000000180015690 f i RTreeCooking.obj
 0001:000146e0       ??0?$Array@URTreeNodeNQ@physx@@VNamedAllocator@shdfnd@2@@shdfnd@physx@@QEAA@AEBVNamedAllocator@12@@Z 00000001800156e0 f i RTreeCooking.obj
 0001:00014730       ??0?$Array@URTreeNodeQ@Gu@physx@@VNamedAllocator@shdfnd@3@@shdfnd@physx@@QEAA@AEBVNamedAllocator@12@@Z 0000000180015730 f i RTreeCooking.obj
 0001:00014780       ??0?$InlineAllocator@$0CAAA@VNamedAllocator@shdfnd@physx@@@shdfnd@physx@@QEAA@AEBV012@@Z 0000000180015780 f i RTreeCooking.obj
 0001:000147c0       ??0?$InlineAllocator@$0CAAA@VNamedAllocator@shdfnd@physx@@@shdfnd@physx@@QEAA@AEBVNamedAllocator@12@@Z 00000001800157c0 f i RTreeCooking.obj
 0001:00014800       ??0?$InlineArray@UInterval@physx@@$0EAA@VNamedAllocator@shdfnd@2@@shdfnd@physx@@QEAA@AEBVNamedAllocator@12@@Z 0000000180015800 f i RTreeCooking.obj
 0001:00014890       ??0?$ScopedPointer@HVTempAllocator@shdfnd@physx@@@shdfnd@physx@@QEAA@XZ 0000000180015890 f i RTreeCooking.obj
 0001:000148b0       ??0?$Stack@VNamedAllocator@shdfnd@physx@@@internal@shdfnd@physx@@QEAA@PEAHIAEBVNamedAllocator@23@@Z 00000001800158b0 f i RTreeCooking.obj
 0001:00014920       ??0BoundsLTE@physx@@QEAA@IPEBVPxVec3@1@@Z 0000000180015920 f i RTreeCooking.obj
 0001:00014950       ??0Interval@physx@@QEAA@II@Z 0000000180015950 f i RTreeCooking.obj
 0001:00014980       ??0PxBounds3@physx@@QEAA@AEBVPxVec3@1@0@Z 0000000180015980 f i RTreeCooking.obj
 0001:000149d0       ??0PxBounds3V@physx@@QEAA@AEAT__m128@@0@Z 00000001800159d0 f i RTreeCooking.obj
 0001:00014a10       ??0PxBounds3V@physx@@QEAA@UU@01@@Z 0000000180015a10 f i RTreeCooking.obj
 0001:00014a20       ??0PxVec4@physx@@QEAA@AEBVPxVec3@1@M@Z 0000000180015a20 f i RTreeCooking.obj
 0001:00014a80       ??0PxVec4@physx@@QEAA@M@Z  0000000180015a80 f i RTreeCooking.obj
 0001:00014ad0       ??0RTreeNodeNQ@physx@@QEAA@AEBU01@@Z 0000000180015ad0 f i RTreeCooking.obj
 0001:00014b20       ??0RTreeNodeNQ@physx@@QEAA@XZ 0000000180015b20 f i RTreeCooking.obj
 0001:00014b60       ??0SortBoundsPredicate@physx@@QEAA@IPEBUPxBounds3V@1@@Z 0000000180015b60 f i RTreeCooking.obj
 0001:00014b90       ??0SubSortQuick@physx@@QEAA@PEAIPEBUPxBounds3V@1@IM@Z 0000000180015b90 f i RTreeCooking.obj
 0001:00014d00       ??0SubSortSAH@physx@@QEAA@PEAIPEBUPxBounds3V@1@IPEBI22222M@Z 0000000180015d00 f i RTreeCooking.obj
 0001:00014f30       ??0TempAllocator@shdfnd@physx@@QEAA@PEBD@Z 0000000180015f30 f i RTreeCooking.obj
 0001:00014f40       ??1?$Array@IVNamedAllocator@shdfnd@physx@@@shdfnd@physx@@QEAA@XZ 0000000180015f40 f i RTreeCooking.obj
 0001:00014fb0       ??1?$Array@UInterval@physx@@V?$InlineAllocator@$0CAAA@VNamedAllocator@shdfnd@physx@@@shdfnd@2@@shdfnd@physx@@QEAA@XZ 0000000180015fb0 f i RTreeCooking.obj
 0001:00015030       ??1?$Array@UPxBounds3V@physx@@VNamedAllocator@shdfnd@2@@shdfnd@physx@@QEAA@XZ 0000000180016030 f i RTreeCooking.obj
 0001:000150a0       ??1?$Array@URTreeNodeNQ@physx@@VNamedAllocator@shdfnd@2@@shdfnd@physx@@QEAA@XZ 00000001800160a0 f i RTreeCooking.obj
 0001:00015110       ??1?$Array@URTreeNodeQ@Gu@physx@@VNamedAllocator@shdfnd@3@@shdfnd@physx@@QEAA@XZ 0000000180016110 f i RTreeCooking.obj
 0001:00015180       ??1?$InlineAllocator@$0CAAA@VNamedAllocator@shdfnd@physx@@@shdfnd@physx@@QEAA@XZ 0000000180016180 f i RTreeCooking.obj
 0001:000151a0       ??1?$InlineArray@UInterval@physx@@$0EAA@VNamedAllocator@shdfnd@2@@shdfnd@physx@@QEAA@XZ 00000001800161a0 f i RTreeCooking.obj
 0001:000151c0       ??1?$ScopedPointer@HVTempAllocator@shdfnd@physx@@@shdfnd@physx@@QEAA@XZ 00000001800161c0 f i RTreeCooking.obj
 0001:000151f0       ??1?$Stack@VNamedAllocator@shdfnd@physx@@@internal@shdfnd@physx@@QEAA@XZ 00000001800161f0 f i RTreeCooking.obj
 0001:00015230       ??1SubSortQuick@physx@@QEAA@XZ 0000000180016230 f i RTreeCooking.obj
 0001:00015250       ??1SubSortSAH@physx@@QEAA@XZ 0000000180016250 f i RTreeCooking.obj
 0001:00015310       ??4PxVec4@physx@@QEAAAEAV01@AEBV01@@Z 0000000180016310 f i RTreeCooking.obj
 0001:00015370       ??A?$Array@IVNamedAllocator@shdfnd@physx@@@shdfnd@physx@@QEAAAEAII@Z 0000000180016370 f i RTreeCooking.obj
 0001:000153f0       ??A?$Array@UInterval@physx@@V?$InlineAllocator@$0CAAA@VNamedAllocator@shdfnd@physx@@@shdfnd@2@@shdfnd@physx@@QEAAAEAUInterval@2@I@Z 00000001800163f0 f i RTreeCooking.obj
 0001:00015470       ??A?$Array@URTreeNodeNQ@physx@@VNamedAllocator@shdfnd@2@@shdfnd@physx@@QEAAAEAURTreeNodeNQ@2@I@Z 0000000180016470 f i RTreeCooking.obj
 0001:000154f0       ??A?$Array@URTreeNodeQ@Gu@physx@@VNamedAllocator@shdfnd@3@@shdfnd@physx@@QEAAAEAURTreeNodeQ@Gu@2@I@Z 00000001800164f0 f i RTreeCooking.obj
 0001:00015570       ??B?$ScopedPointer@HVTempAllocator@shdfnd@physx@@@shdfnd@physx@@QEBAPEAHXZ 0000000180016570 f i RTreeCooking.obj
 0001:00015580       ??GPxVec4@physx@@QEBA?AV01@AEBV01@@Z 0000000180016580 f i RTreeCooking.obj
 0001:00015610       ??KPxVec4@physx@@QEBA?AV01@M@Z 0000000180016610 f i RTreeCooking.obj
 0001:000156b0       ??R?$Less@I@shdfnd@physx@@QEBA_NAEBI0@Z 00000001800166b0 f i RTreeCooking.obj
 0001:000156f0       ??RBoundsLTE@physx@@QEBA_NAEBI0@Z 00000001800166f0 f i RTreeCooking.obj
 0001:00015790       ??RSortBoundsPredicate@physx@@QEBA_NAEBI0@Z 0000000180016790 f i RTreeCooking.obj
 0001:000158c0       ?FMax@aos@shdfnd@physx@@YA?AT__m128@@XZ 00000001800168c0 f i RTreeCooking.obj
 0001:000158e0       ?FNegMax@aos@shdfnd@physx@@YA?AT__m128@@XZ 00000001800168e0 f i RTreeCooking.obj
 0001:00015900       ?FStore@aos@shdfnd@physx@@YAXT__m128@@PEIAM@Z 0000000180016900 f i RTreeCooking.obj
 0001:00015990       ?PxAbs@physx@@YAHH@Z       0000000180016990 f i RTreeCooking.obj
 0001:000159b0       ?V3Add@aos@shdfnd@physx@@YA?AT__m128@@T4@0@Z 00000001800169b0 f i RTreeCooking.obj
 0001:00015ac0       ?V3Dot@aos@shdfnd@physx@@YA?AT__m128@@T4@0@Z 0000000180016ac0 f i RTreeCooking.obj
 0001:00015c60       ?V3LoadU@aos@shdfnd@physx@@YA?AT__m128@@AEBVPxVec3@3@@Z 0000000180016c60 f i RTreeCooking.obj
 0001:00015cb0       ?V3Max@aos@shdfnd@physx@@YA?AT__m128@@T4@0@Z 0000000180016cb0 f i RTreeCooking.obj
 0001:00015dc0       ?V3Min@aos@shdfnd@physx@@YA?AT__m128@@T4@0@Z 0000000180016dc0 f i RTreeCooking.obj
 0001:00015ed0       ?V3PermZXY@aos@shdfnd@physx@@YA?AT__m128@@T4@@Z 0000000180016ed0 f i RTreeCooking.obj
 0001:00015f60       ?V3ReadXYZ@aos@shdfnd@physx@@YAAEBVPxVec3@3@AEBT__m128@@@Z 0000000180016f60 f i RTreeCooking.obj
 0001:00015f70       ?V3Splat@aos@shdfnd@physx@@YA?AT__m128@@T4@@Z 0000000180016f70 f i RTreeCooking.obj
 0001:00016050       ?V3StoreA@aos@shdfnd@physx@@YAXT__m128@@AEAVPxVec3@3@@Z 0000000180017050 f i RTreeCooking.obj
 0001:00016110       ?V3StoreU@aos@shdfnd@physx@@YAXT__m128@@AEAVPxVec3@3@@Z 0000000180017110 f i RTreeCooking.obj
 0001:00016180       ?V3Sub@aos@shdfnd@physx@@YA?AT__m128@@T4@0@Z 0000000180017180 f i RTreeCooking.obj
 0001:00016290       ?V3Zero@aos@shdfnd@physx@@YA?AT__m128@@XZ 0000000180017290 f i RTreeCooking.obj
 0001:000162b0       ?V4ClearW@aos@shdfnd@physx@@YA?AT__m128@@T4@@Z 00000001800172b0 f i RTreeCooking.obj
 0001:000162e0       ?V4ReadW@aos@shdfnd@physx@@YAMAEBT__m128@@@Z 00000001800172e0 f i RTreeCooking.obj
 0001:000162f0       ?V4ReadX@aos@shdfnd@physx@@YAMAEBT__m128@@@Z 00000001800172f0 f i RTreeCooking.obj
 0001:00016300       ?V4ReadY@aos@shdfnd@physx@@YAMAEBT__m128@@@Z 0000000180017300 f i RTreeCooking.obj
 0001:00016310       ?V4ReadZ@aos@shdfnd@physx@@YAMAEBT__m128@@@Z 0000000180017310 f i RTreeCooking.obj
 0001:00016320       ?Vec3V_From_FloatV@aos@shdfnd@physx@@YA?AT__m128@@T4@@Z 0000000180017320 f i RTreeCooking.obj
 0001:00016370       ?Vec3V_From_Vec4V@aos@shdfnd@physx@@YA?AT__m128@@T4@@Z 0000000180017370 f i RTreeCooking.obj
 0001:000163a0       ?Vec4V_From_FloatV@aos@shdfnd@physx@@YA?AT__m128@@T4@@Z 00000001800173a0 f i RTreeCooking.obj
 0001:000163b0       ?allocate@?$AlignedAllocator@$0IA@VNonTrackingAllocator@shdfnd@physx@@@shdfnd@physx@@QEAAPEAX_KPEBDH@Z 00000001800173b0 f i RTreeCooking.obj
 0001:00016450       ?allocate@?$Array@IVNamedAllocator@shdfnd@physx@@@shdfnd@physx@@IEAAPEAII@Z 0000000180017450 f i RTreeCooking.obj
 0001:000164e0       ?allocate@?$Array@UInterval@physx@@V?$InlineAllocator@$0CAAA@VNamedAllocator@shdfnd@physx@@@shdfnd@2@@shdfnd@physx@@IEAAPEAUInterval@3@I@Z 00000001800174e0 f i RTreeCooking.obj
 0001:00016570       ?allocate@?$Array@UPxBounds3V@physx@@VNamedAllocator@shdfnd@2@@shdfnd@physx@@IEAAPEAUPxBounds3V@3@I@Z 0000000180017570 f i RTreeCooking.obj
 0001:00016600       ?allocate@?$Array@URTreeNodeNQ@physx@@VNamedAllocator@shdfnd@2@@shdfnd@physx@@IEAAPEAURTreeNodeNQ@3@I@Z 0000000180017600 f i RTreeCooking.obj
 0001:00016690       ?allocate@?$Array@URTreeNodeQ@Gu@physx@@VNamedAllocator@shdfnd@3@@shdfnd@physx@@IEAAPEAURTreeNodeQ@Gu@3@I@Z 0000000180017690 f i RTreeCooking.obj
 0001:00016720       ?allocate@?$InlineAllocator@$0CAAA@VNamedAllocator@shdfnd@physx@@@shdfnd@physx@@QEAAPEAXIPEBDH@Z 0000000180017720 f i RTreeCooking.obj
 0001:00016790       ?allocate@NonTrackingAllocator@shdfnd@physx@@QEAAPEAX_KPEBDH@Z 0000000180017790 f i RTreeCooking.obj
 0001:00016800       ?begin@?$Array@IVNamedAllocator@shdfnd@physx@@@shdfnd@physx@@QEAAPEAIXZ 0000000180017800 f i RTreeCooking.obj
 0001:00016810       ?begin@?$Array@UPxBounds3V@physx@@VNamedAllocator@shdfnd@2@@shdfnd@physx@@QEAAPEAUPxBounds3V@3@XZ 0000000180017810 f i RTreeCooking.obj
 0001:00016820       ?begin@?$Array@VPxVec3@physx@@VNamedAllocator@shdfnd@2@@shdfnd@physx@@QEAAPEAVPxVec3@3@XZ 0000000180017820 f i RTreeCooking.obj
 0001:00016830       ?capacity@?$Array@IVNamedAllocator@shdfnd@physx@@@shdfnd@physx@@QEBAIXZ 0000000180017830 f i RTreeCooking.obj
 0001:00016850       ?capacity@?$Array@UInterval@physx@@V?$InlineAllocator@$0CAAA@VNamedAllocator@shdfnd@physx@@@shdfnd@2@@shdfnd@physx@@QEBAIXZ 0000000180017850 f i RTreeCooking.obj
 0001:00016870       ?capacity@?$Array@UPxBounds3V@physx@@VNamedAllocator@shdfnd@2@@shdfnd@physx@@QEBAIXZ 0000000180017870 f i RTreeCooking.obj
 0001:00016890       ?capacity@?$Array@URTreeNodeNQ@physx@@VNamedAllocator@shdfnd@2@@shdfnd@physx@@QEBAIXZ 0000000180017890 f i RTreeCooking.obj
 0001:000168b0       ?capacity@?$Array@URTreeNodeQ@Gu@physx@@VNamedAllocator@shdfnd@3@@shdfnd@physx@@QEBAIXZ 00000001800178b0 f i RTreeCooking.obj
 0001:000168d0       ?capacityIncrement@?$Array@IVNamedAllocator@shdfnd@physx@@@shdfnd@physx@@IEBAIXZ 00000001800178d0 f i RTreeCooking.obj
 0001:00016910       ?capacityIncrement@?$Array@UInterval@physx@@V?$InlineAllocator@$0CAAA@VNamedAllocator@shdfnd@physx@@@shdfnd@2@@shdfnd@physx@@IEBAIXZ 0000000180017910 f i RTreeCooking.obj
 0001:00016950       ?capacityIncrement@?$Array@UPxBounds3V@physx@@VNamedAllocator@shdfnd@2@@shdfnd@physx@@IEBAIXZ 0000000180017950 f i RTreeCooking.obj
 0001:00016990       ?capacityIncrement@?$Array@URTreeNodeNQ@physx@@VNamedAllocator@shdfnd@2@@shdfnd@physx@@IEBAIXZ 0000000180017990 f i RTreeCooking.obj
 0001:000169d0       ?capacityIncrement@?$Array@URTreeNodeQ@Gu@physx@@VNamedAllocator@shdfnd@3@@shdfnd@physx@@IEBAIXZ 00000001800179d0 f i RTreeCooking.obj
 0001:00016a10       ?computeSA@SubSortSAH@physx@@QEAAMPEBIAEBUInterval@2@@Z 0000000180017a10 f i RTreeCooking.obj
 0001:00016c20       ?copy@?$Array@IVNamedAllocator@shdfnd@physx@@@shdfnd@physx@@KAXPEAI0PEBI@Z 0000000180017c20 f i RTreeCooking.obj
 0001:00016ca0       ?copy@?$Array@UInterval@physx@@V?$InlineAllocator@$0CAAA@VNamedAllocator@shdfnd@physx@@@shdfnd@2@@shdfnd@physx@@KAXPEAUInterval@3@0PEBU43@@Z 0000000180017ca0 f i RTreeCooking.obj
 0001:00016d20       ?copy@?$Array@UPxBounds3V@physx@@VNamedAllocator@shdfnd@2@@shdfnd@physx@@KAXPEAUPxBounds3V@3@0PEBU43@@Z 0000000180017d20 f i RTreeCooking.obj
 0001:00016da0       ?copy@?$Array@URTreeNodeNQ@physx@@VNamedAllocator@shdfnd@2@@shdfnd@physx@@KAXPEAURTreeNodeNQ@3@0PEBU43@@Z 0000000180017da0 f i RTreeCooking.obj
 0001:00016e20       ?copy@?$Array@URTreeNodeQ@Gu@physx@@VNamedAllocator@shdfnd@3@@shdfnd@physx@@KAXPEAURTreeNodeQ@Gu@3@0PEBU453@@Z 0000000180017e20 f i RTreeCooking.obj
 0001:00016ea0       ?create@?$Array@IVNamedAllocator@shdfnd@physx@@@shdfnd@physx@@KAXPEAI0AEBI@Z 0000000180017ea0 f i RTreeCooking.obj
 0001:00016f00       ?deallocate@?$Array@IVNamedAllocator@shdfnd@physx@@@shdfnd@physx@@IEAAXPEAX@Z 0000000180017f00 f i RTreeCooking.obj
 0001:00016f30       ?deallocate@?$Array@UInterval@physx@@V?$InlineAllocator@$0CAAA@VNamedAllocator@shdfnd@physx@@@shdfnd@2@@shdfnd@physx@@IEAAXPEAX@Z 0000000180017f30 f i RTreeCooking.obj
 0001:00016f60       ?deallocate@?$Array@UPxBounds3V@physx@@VNamedAllocator@shdfnd@2@@shdfnd@physx@@IEAAXPEAX@Z 0000000180017f60 f i RTreeCooking.obj
 0001:00016f90       ?deallocate@?$Array@URTreeNodeNQ@physx@@VNamedAllocator@shdfnd@2@@shdfnd@physx@@IEAAXPEAX@Z 0000000180017f90 f i RTreeCooking.obj
 0001:00016fc0       ?deallocate@?$Array@URTreeNodeQ@Gu@physx@@VNamedAllocator@shdfnd@3@@shdfnd@physx@@IEAAXPEAX@Z 0000000180017fc0 f i RTreeCooking.obj
 0001:00016ff0       ?deallocate@?$InlineAllocator@$0CAAA@VNamedAllocator@shdfnd@physx@@@shdfnd@physx@@QEAAXPEAX@Z 0000000180017ff0 f i RTreeCooking.obj
 0001:00017030       ?destroy@?$Array@IVNamedAllocator@shdfnd@physx@@@shdfnd@physx@@KAXPEAI0@Z 0000000180018030 f i RTreeCooking.obj
 0001:00017060       ?destroy@?$Array@UInterval@physx@@V?$InlineAllocator@$0CAAA@VNamedAllocator@shdfnd@physx@@@shdfnd@2@@shdfnd@physx@@KAXPEAUInterval@3@0@Z 0000000180018060 f i RTreeCooking.obj
 0001:00017090       ?destroy@?$Array@UPxBounds3V@physx@@VNamedAllocator@shdfnd@2@@shdfnd@physx@@KAXPEAUPxBounds3V@3@0@Z 0000000180018090 f i RTreeCooking.obj
 0001:000170c0       ?destroy@?$Array@URTreeNodeNQ@physx@@VNamedAllocator@shdfnd@2@@shdfnd@physx@@KAXPEAURTreeNodeNQ@3@0@Z 00000001800180c0 f i RTreeCooking.obj
 0001:000170f0       ?destroy@?$Array@URTreeNodeQ@Gu@physx@@VNamedAllocator@shdfnd@3@@shdfnd@physx@@KAXPEAURTreeNodeQ@Gu@3@0@Z 00000001800180f0 f i RTreeCooking.obj
 0001:00017120       ?empty@?$Stack@VNamedAllocator@shdfnd@physx@@@internal@shdfnd@physx@@QEAA_NXZ 0000000180018120 f i RTreeCooking.obj
 0001:00017150       ?empty@PxBounds3@physx@@SA?AV12@XZ 0000000180018150 f i RTreeCooking.obj
 0001:000171b0       ?getExtents@PxBounds3V@physx@@QEBA?AT__m128@@XZ 00000001800181b0 f i RTreeCooking.obj
 0001:00017210       ?getMaxVec3@PxBounds3V@physx@@QEBA?BVPxVec3@2@XZ 0000000180018210 f i RTreeCooking.obj
 0001:00017260       ?getMinVec3@PxBounds3V@physx@@QEBA?BVPxVec3@2@XZ 0000000180018260 f i RTreeCooking.obj
 0001:000172b0       ?grow@?$Array@IVNamedAllocator@shdfnd@physx@@@shdfnd@physx@@IEAAXI@Z 00000001800182b0 f i RTreeCooking.obj
 0001:00017330       ?grow@?$Array@UPxBounds3V@physx@@VNamedAllocator@shdfnd@2@@shdfnd@physx@@IEAAXI@Z 0000000180018330 f i RTreeCooking.obj
 0001:000173b0       ?grow@?$Array@URTreeNodeNQ@physx@@VNamedAllocator@shdfnd@2@@shdfnd@physx@@IEAAXI@Z 00000001800183b0 f i RTreeCooking.obj
 0001:00017430       ?grow@?$Array@URTreeNodeQ@Gu@physx@@VNamedAllocator@shdfnd@3@@shdfnd@physx@@IEAAXI@Z 0000000180018430 f i RTreeCooking.obj
 0001:000174b0       ?grow@?$Array@VPxVec3@physx@@VNamedAllocator@shdfnd@2@@shdfnd@physx@@IEAAXI@Z 00000001800184b0 f i RTreeCooking.obj
 0001:00017530       ?grow@?$Stack@VNamedAllocator@shdfnd@physx@@@internal@shdfnd@physx@@QEAAXXZ 0000000180018530 f i RTreeCooking.obj
 0001:000175e0       ?growAndPushBack@?$Array@IVNamedAllocator@shdfnd@physx@@@shdfnd@physx@@IEAAAEAIAEBI@Z 00000001800185e0 f i RTreeCooking.obj
 0001:00017760       ?growAndPushBack@?$Array@UInterval@physx@@V?$InlineAllocator@$0CAAA@VNamedAllocator@shdfnd@physx@@@shdfnd@2@@shdfnd@physx@@IEAAAEAUInterval@3@AEBU43@@Z 0000000180018760 f i RTreeCooking.obj
 0001:00017920       ?growAndPushBack@?$Array@UPxBounds3V@physx@@VNamedAllocator@shdfnd@2@@shdfnd@physx@@IEAAAEAUPxBounds3V@3@AEBU43@@Z 0000000180018920 f i RTreeCooking.obj
 0001:00017af0       ?growAndPushBack@?$Array@URTreeNodeNQ@physx@@VNamedAllocator@shdfnd@2@@shdfnd@physx@@IEAAAEAURTreeNodeNQ@3@AEBU43@@Z 0000000180018af0 f i RTreeCooking.obj
 0001:00017c80       ?growAndPushBack@?$Array@URTreeNodeQ@Gu@physx@@VNamedAllocator@shdfnd@3@@shdfnd@physx@@IEAAAEAURTreeNodeQ@Gu@3@AEBU453@@Z 0000000180018c80 f i RTreeCooking.obj
 0001:00017e50       ?include@PxBounds3V@physx@@QEAAXAEBU12@@Z 0000000180018e50 f i RTreeCooking.obj
 0001:00017f00       ?isInUserMemory@?$Array@IVNamedAllocator@shdfnd@physx@@@shdfnd@physx@@QEBAIXZ 0000000180018f00 f i RTreeCooking.obj
 0001:00017f20       ?isInUserMemory@?$Array@UInterval@physx@@V?$InlineAllocator@$0CAAA@VNamedAllocator@shdfnd@physx@@@shdfnd@2@@shdfnd@physx@@QEBAIXZ 0000000180018f20 f i RTreeCooking.obj
 0001:00017f40       ?isInUserMemory@?$Array@UPxBounds3V@physx@@VNamedAllocator@shdfnd@2@@shdfnd@physx@@QEBAIXZ 0000000180018f40 f i RTreeCooking.obj
 0001:00017f60       ?isInUserMemory@?$Array@URTreeNodeNQ@physx@@VNamedAllocator@shdfnd@2@@shdfnd@physx@@QEBAIXZ 0000000180018f60 f i RTreeCooking.obj
 0001:00017f80       ?isInUserMemory@?$Array@URTreeNodeQ@Gu@physx@@VNamedAllocator@shdfnd@3@@shdfnd@physx@@QEBAIXZ 0000000180018f80 f i RTreeCooking.obj
 0001:00017fa0       ?isInside@PxBounds3@physx@@QEBA_NAEBV12@@Z 0000000180018fa0 f i RTreeCooking.obj
 0001:00018050       ?isLeaf@RTreeNodeQ@Gu@physx@@QEBAIXZ 0000000180019050 f i RTreeCooking.obj
 0001:00018070       ?isValidFloatV@aos@shdfnd@physx@@YA_NT__m128@@@Z 0000000180019070 f i RTreeCooking.obj
 0001:00018180       ?isValidVec3V@aos@shdfnd@physx@@YA_NT__m128@@@Z 0000000180019180 f i RTreeCooking.obj
 0001:000181e0       ?pop@?$Stack@VNamedAllocator@shdfnd@physx@@@internal@shdfnd@physx@@QEAAXAEAH0@Z 00000001800191e0 f i RTreeCooking.obj
 0001:000182c0       ?popBack@?$Array@IVNamedAllocator@shdfnd@physx@@@shdfnd@physx@@QEAAIXZ 00000001800192c0 f i RTreeCooking.obj
 0001:00018360       ?push@?$Stack@VNamedAllocator@shdfnd@physx@@@internal@shdfnd@physx@@QEAAXHH@Z 0000000180019360 f i RTreeCooking.obj
 0001:000183f0       ?pushBack@?$Array@IVNamedAllocator@shdfnd@physx@@@shdfnd@physx@@QEAAAEAIAEBI@Z 00000001800193f0 f i RTreeCooking.obj
 0001:00018490       ?pushBack@?$Array@UInterval@physx@@V?$InlineAllocator@$0CAAA@VNamedAllocator@shdfnd@physx@@@shdfnd@2@@shdfnd@physx@@QEAAAEAUInterval@3@AEBU43@@Z 0000000180019490 f i RTreeCooking.obj
 0001:00018550       ?pushBack@?$Array@UPxBounds3V@physx@@VNamedAllocator@shdfnd@2@@shdfnd@physx@@QEAAAEAUPxBounds3V@3@AEBU43@@Z 0000000180019550 f i RTreeCooking.obj
 0001:00018600       ?pushBack@?$Array@URTreeNodeNQ@physx@@VNamedAllocator@shdfnd@2@@shdfnd@physx@@QEAAAEAURTreeNodeNQ@3@AEBU43@@Z 0000000180019600 f i RTreeCooking.obj
 0001:000186a0       ?pushBack@?$Array@URTreeNodeQ@Gu@physx@@VNamedAllocator@shdfnd@3@@shdfnd@physx@@QEAAAEAURTreeNodeQ@Gu@3@AEBU453@@Z 00000001800196a0 f i RTreeCooking.obj
 0001:00018750       ?recreate@?$Array@IVNamedAllocator@shdfnd@physx@@@shdfnd@physx@@IEAAXI@Z 0000000180019750 f i RTreeCooking.obj
 0001:00018860       ?recreate@?$Array@UPxBounds3V@physx@@VNamedAllocator@shdfnd@2@@shdfnd@physx@@IEAAXI@Z 0000000180019860 f i RTreeCooking.obj
 0001:00018980       ?recreate@?$Array@URTreeNodeNQ@physx@@VNamedAllocator@shdfnd@2@@shdfnd@physx@@IEAAXI@Z 0000000180019980 f i RTreeCooking.obj
 0001:00018aa0       ?recreate@?$Array@URTreeNodeQ@Gu@physx@@VNamedAllocator@shdfnd@3@@shdfnd@physx@@IEAAXI@Z 0000000180019aa0 f i RTreeCooking.obj
[...]
 0003:000008c0       ?minV4Error@_VecMathTests@aos@shdfnd@physx@@3T__m128@@B 000000018005e8c0     BigConvexDataBuilder.obj
 0003:000008d0       ?minV3Error@_VecMathTests@aos@shdfnd@physx@@3T__m128@@B 000000018005e8d0     BigConvexDataBuilder.obj
 0003:000008e0       ?maxFError@_VecMathTests@aos@shdfnd@physx@@3T__m128@@B 000000018005e8e0     BigConvexDataBuilder.obj
 0003:000008f0       ?_ignore@?6??computeValencies@BigConvexDataBuilder@physx@@QEAA_NAEBVConvexHullBuilder@3@@Z@4_NA 000000018005e8f0     BigConvexDataBuilder.obj
 0003:000008f1       ?_ignore@?7??computeValencies@BigConvexDataBuilder@physx@@QEAA_NAEBVConvexHullBuilder@3@@Z@4_NA 000000018005e8f1     BigConvexDataBuilder.obj
 0003:000008f2       ?_ignore@?N@??precompute@BigConvexDataBuilder@physx@@QEAA_NI@Z@4_NA 000000018005e8f2     BigConvexDataBuilder.obj
 0003:000008f3       ?_ignore@?O@??precompute@BigConvexDataBuilder@physx@@QEAA_NI@Z@4_NA 000000018005e8f3     BigConvexDataBuilder.obj
 0003:00000900       ?maxV3Error@_VecMathTests@aos@shdfnd@physx@@3T__m128@@B 000000018005e900     ConvexHullBuilder.obj
 0003:00000910       ?minFError@_VecMathTests@aos@shdfnd@physx@@3T__m128@@B 000000018005e910     ConvexHullBuilder.obj
 0003:00000920       ?maxV4Error@_VecMathTests@aos@shdfnd@physx@@3T__m128@@B 000000018005e920     ConvexHullBuilder.obj
 0003:00000930       ?minV4Error@_VecMathTests@aos@shdfnd@physx@@3T__m128@@B 000000018005e930     ConvexHullBuilder.obj
 0003:00000940       ?minV3Error@_VecMathTests@aos@shdfnd@physx@@3T__m128@@B 000000018005e940     ConvexHullBuilder.obj
 0003:00000950       ?maxFError@_VecMathTests@aos@shdfnd@physx@@3T__m128@@B 000000018005e950     ConvexHullBuilder.obj
 0003:00000960       ?_ignore@?2??init@ConvexHullBuilder@physx@@QEAA_NIPEBVPxVec3@3@PEBIIIPEBUPxHullPolygon@3@_NPEAVConvexHullLib@3@@Z@4_NA 000000018005e960     ConvexHullBuilder.obj
 0003:00000961       ?_ignore@?3??init@ConvexHullBuilder@physx@@QEAA_NIPEBVPxVec3@3@PEBIIIPEBUPxHullPolygon@3@_NPEAVConvexHullLib@3@@Z@4_NA 000000018005e961     ConvexHullBuilder.obj
 0003:00000962       ?_ignore@?4??init@ConvexHullBuilder@physx@@QEAA_NIPEBVPxVec3@3@PEBIIIPEBUPxHullPolygon@3@_NPEAVConvexHullLib@3@@Z@4_NA 000000018005e962     ConvexHullBuilder.obj
 0003:00000963       ?_ignore@?5??init@ConvexHullBuilder@physx@@QEAA_NIPEBVPxVec3@3@PEBIIIPEBUPxHullPolygon@3@_NPEAVConvexHullLib@3@@Z@4_NA 000000018005e963     ConvexHullBuilder.obj
 0003:00000964       ?_ignore@?6??init@ConvexHullBuilder@physx@@QEAA_NIPEBVPxVec3@3@PEBIIIPEBUPxHullPolygon@3@_NPEAVConvexHullLib@3@@Z@4_NA 000000018005e964     ConvexHullBuilder.obj
 0003:00000965       ?_ignore@?P@??init@ConvexHullBuilder@physx@@QEAA_NIPEBVPxVec3@3@PEBIIIPEBUPxHullPolygon@3@_NPEAVConvexHullLib@3@@Z@4_NA 000000018005e965     ConvexHullBuilder.obj
 0003:00000966       ?_ignore@?4??save@ConvexHullBuilder@physx@@QEBA_NAEAVPxOutputStream@3@_N@Z@4_NA 000000018005e966     ConvexHullBuilder.obj
 0003:00000967       ?_ignore@?2??copy@ConvexHullBuilder@physx@@QEAA_NAEAUConvexHullData@Gu@3@AEAI@Z@4_NA 000000018005e967     ConvexHullBuilder.obj
 0003:00000968       ?_ignore@?4??copy@ConvexHullBuilder@physx@@QEAA_NAEAUConvexHullData@Gu@3@AEAI@Z@4_NA 000000018005e968     ConvexHullBuilder.obj
 0003:00000969       ?_ignore@?5??copy@ConvexHullBuilder@physx@@QEAA_NAEAUConvexHullData@Gu@3@AEAI@Z@4_NA 000000018005e969     ConvexHullBuilder.obj
 0003:0000096a       ?_ignore@?6??copy@ConvexHullBuilder@physx@@QEAA_NAEAUConvexHullData@Gu@3@AEAI@Z@4_NA 000000018005e96a     ConvexHullBuilder.obj
 0003:0000096b       ?_ignore@?7??copy@ConvexHullBuilder@physx@@QEAA_NAEAUConvexHullData@Gu@3@AEAI@Z@4_NA 000000018005e96b     ConvexHullBuilder.obj
 0003:0000096c       ?_ignore@?8??copy@ConvexHullBuilder@physx@@QEAA_NAEAUConvexHullData@Gu@3@AEAI@Z@4_NA 000000018005e96c     ConvexHullBuilder.obj
 0003:0000096d       ?_ignore@?9??copy@ConvexHullBuilder@physx@@QEAA_NAEAUConvexHullData@Gu@3@AEAI@Z@4_NA 000000018005e96d     ConvexHullBuilder.obj
 0003:0000096e       ?_ignore@?L@??copy@ConvexHullBuilder@physx@@QEAA_NAEAUConvexHullData@Gu@3@AEAI@Z@4_NA 000000018005e96e     ConvexHullBuilder.obj
 0003:0000096f       ?_ignore@?M@??copy@ConvexHullBuilder@physx@@QEAA_NAEAUConvexHullData@Gu@3@AEAI@Z@4_NA 000000018005e96f     ConvexHullBuilder.obj
 0003:00000970       ?_ignore@?N@??createEdgeList@ConvexHullBuilder@physx@@QEAA_N_NI@Z@4_NA 000000018005e970     ConvexHullBuilder.obj
 0003:00000971       ?_ignore@?O@??createEdgeList@ConvexHullBuilder@physx@@QEAA_N_NI@Z@4_NA 000000018005e971     ConvexHullBuilder.obj
 0003:00000972       ?_ignore@?2??shiftConvexMeshDesc@ConvexHullLib@physx@@IEAAXAEAVPxConvexMeshDesc@3@@Z@4_NA 000000018005e972     ConvexHullLib.obj
 0003:00000973       ?_ignore@?BF@??swapLargestFace@ConvexHullLib@physx@@IEAAXAEAVPxConvexMeshDesc@3@@Z@4_NA 000000018005e973     ConvexHullLib.obj
 0003:00000980       ?maxV3Error@_VecMathTests@aos@shdfnd@physx@@3T__m128@@B 000000018005e980     ConvexHullUtils.obj
 0003:00000990       ?minFError@_VecMathTests@aos@shdfnd@physx@@3T__m128@@B 000000018005e990     ConvexHullUtils.obj
 0003:000009a0       ?maxV4Error@_VecMathTests@aos@shdfnd@physx@@3T__m128@@B 000000018005e9a0     ConvexHullUtils.obj
 0003:000009b0       ?MAXDOT_MINANG@local@@3MB  000000018005e9b0     ConvexHullUtils.obj
 0003:000009c0       ?minV4Error@_VecMathTests@aos@shdfnd@physx@@3T__m128@@B 000000018005e9c0     ConvexHullUtils.obj
 0003:000009d0       ?minV3Error@_VecMathTests@aos@shdfnd@physx@@3T__m128@@B 000000018005e9d0     ConvexHullUtils.obj
 0003:000009e0       ?maxFError@_VecMathTests@aos@shdfnd@physx@@3T__m128@@B 000000018005e9e0     ConvexHullUtils.obj
 0003:00000a01       ?_ignore@?2??computeOBBSIMD@local@@YAXIPEBT__m128@@AEAT3@AEBT3@1@Z@4_NA 000000018005ea01     ConvexHullUtils.obj
 0003:00000a02       ?_ignore@?L@??assertIntact@ConvexHull@physx@@QEBA_NM@Z@4_NA 000000018005ea02     ConvexHullUtils.obj
 0003:00000a03       ?_ignore@?O@??assertIntact@ConvexHull@physx@@QEBA_NM@Z@4_NA 000000018005ea03     ConvexHullUtils.obj
 0003:00000a04       ?_ignore@?P@??assertIntact@ConvexHull@physx@@QEBA_NM@Z@4_NA 000000018005ea04     ConvexHullUtils.obj
 0003:00000a05       ?_ignore@?BA@??assertIntact@ConvexHull@physx@@QEBA_NM@Z@4_NA 000000018005ea05     ConvexHullUtils.obj
 0003:00000a06       ?_ignore@?BF@??assertIntact@ConvexHull@physx@@QEBA_NM@Z@4_NA 000000018005ea06     ConvexHullUtils.obj
 0003:00000a07       ?_ignore@?2??convexHullCrop@physx@@YAPEAVConvexHull@2@AEBV32@AEBVPxPlane@2@M@Z@4_NA 000000018005ea07     ConvexHullUtils.obj
 0003:00000a08       ?_ignore@?BF@??convexHullCrop@physx@@YAPEAVConvexHull@2@AEBV32@AEBVPxPlane@2@M@Z@4_NA 000000018005ea08     ConvexHullUtils.obj
 0003:00000a09       ?_ignore@?BJ@??convexHullCrop@physx@@YAPEAVConvexHull@2@AEBV32@AEBVPxPlane@2@M@Z@4_NA 000000018005ea09     ConvexHullUtils.obj
 0003:00000a0a       ?_ignore@?CG@??convexHullCrop@physx@@YAPEAVConvexHull@2@AEBV32@AEBVPxPlane@2@M@Z@4_NA 000000018005ea0a     ConvexHullUtils.obj
 0003:00000a0b       ?_ignore@?DC@??convexHullCrop@physx@@YAPEAVConvexHull@2@AEBV32@AEBVPxPlane@2@M@Z@4_NA 000000018005ea0b     ConvexHullUtils.obj
 0003:00000a0c       ?_ignore@?EC@??convexHullCrop@physx@@YAPEAVConvexHull@2@AEBV32@AEBVPxPlane@2@M@Z@4_NA 000000018005ea0c     ConvexHullUtils.obj
 0003:00000a0d       ?_ignore@?ED@??convexHullCrop@physx@@YAPEAVConvexHull@2@AEBV32@AEBVPxPlane@2@M@Z@4_NA 000000018005ea0d     ConvexHullUtils.obj
 0003:00000a0e       ?_ignore@?EL@??convexHullCrop@physx@@YAPEAVConvexHull@2@AEBV32@AEBVPxPlane@2@M@Z@4_NA 000000018005ea0e     ConvexHullUtils.obj
 0003:00000a0f       ?_ignore@?FC@??convexHullCrop@physx@@YAPEAVConvexHull@2@AEBV32@AEBVPxPlane@2@M@Z@4_NA 000000018005ea0f     ConvexHullUtils.obj
 0003:00000a10       ?_ignore@?FD@??convexHullCrop@physx@@YAPEAVConvexHull@2@AEBV32@AEBVPxPlane@2@M@Z@4_NA 000000018005ea10     ConvexHullUtils.obj
 0003:00000a11       ?_ignore@?FE@??convexHullCrop@physx@@YAPEAVConvexHull@2@AEBV32@AEBVPxPlane@2@M@Z@4_NA 000000018005ea11     ConvexHullUtils.obj
 0003:00000a12       ?_ignore@?GO@??convexHullCrop@physx@@YAPEAVConvexHull@2@AEBV32@AEBVPxPlane@2@M@Z@4_NA 000000018005ea12     ConvexHullUtils.obj
 0003:00000a20       ?maxV3Error@_VecMathTests@aos@shdfnd@physx@@3T__m128@@B 000000018005ea20     ConvexMeshBuilder.obj
 0003:00000a30       ?minFError@_VecMathTests@aos@shdfnd@physx@@3T__m128@@B 000000018005ea30     ConvexMeshBuilder.obj
 0003:00000a40       ?maxV4Error@_VecMathTests@aos@shdfnd@physx@@3T__m128@@B 000000018005ea40     ConvexMeshBuilder.obj
 0003:00000a50       ?minV4Error@_VecMathTests@aos@shdfnd@physx@@3T__m128@@B 000000018005ea50     ConvexMeshBuilder.obj
 0003:00000a60       ?minV3Error@_VecMathTests@aos@shdfnd@physx@@3T__m128@@B 000000018005ea60     ConvexMeshBuilder.obj
 0003:00000a70       ?maxFError@_VecMathTests@aos@shdfnd@physx@@3T__m128@@B 000000018005ea70     ConvexMeshBuilder.obj
 0003:00000a80       ?_ignore@?O@??computeHullPolygons@ConvexMeshBuilder@physx@@QEAA_NAEBIPEBVPxVec3@3@0PEBIAEAVPxAllocatorCallback@3@AEAIAEAPEAV43@4AEAPEAI4AEAPEAUPxHullPolygon@3@@Z@4_NA 000000018005ea80     ConvexMeshBuilder.obj
 0003:00000a81       ?_ignore@?L@??findLineStrip@@YA_NAEAV?$Array@IVNamedAllocator@shdfnd@physx@@@shdfnd@physx@@AEBV?$Array@VPair@@VNamedAllocator@shdfnd@physx@@@34@@Z@4_NA 000000018005ea81     ConvexPolygonsBuilder.obj
 0003:00000a82       ?_ignore@?BC@??findLineStrip@@YA_NAEAV?$Array@IVNamedAllocator@shdfnd@physx@@@shdfnd@physx@@AEBV?$Array@VPair@@VNamedAllocator@shdfnd@physx@@@34@@Z@4_NA 000000018005ea82     ConvexPolygonsBuilder.obj
 0003:00000a83       ?_ignore@?6??checkRedundantVertices@@YAXAEAIAEAV?$Array@IVNamedAllocator@shdfnd@physx@@@shdfnd@physx@@AEBVConvexPolygonsBuilder@4@11@Z@4_NA 000000018005ea83     ConvexPolygonsBuilder.obj
 0003:00000a84       ?_ignore@?2??extractHullPolygons@@YA_NAEAIAEAV?$Array@IVNamedAllocator@shdfnd@physx@@@shdfnd@physx@@AEBVConvexPolygonsBuilder@4@PEAV234@1@Z@4_NA 000000018005ea84     ConvexPolygonsBuilder.obj
 0003:00000a85       ?_ignore@?CB@??extractHullPolygons@@YA_NAEAIAEAV?$Array@IVNamedAllocator@shdfnd@physx@@@shdfnd@physx@@AEBVConvexPolygonsBuilder@4@PEAV234@1@Z@4_NA 000000018005ea85     ConvexPolygonsBuilder.obj
 0003:00000a86       ?_ignore@?2??computeHullPolygons@ConvexPolygonsBuilder@physx@@QEAA_NAEBIPEBVPxVec3@3@0PEBI@Z@4_NA 000000018005ea86     ConvexPolygonsBuilder.obj
 0003:00000a87       ?_ignore@?3??computeHullPolygons@ConvexPolygonsBuilder@physx@@QEAA_NAEBIPEBVPxVec3@3@0PEBI@Z@4_NA 000000018005ea87     ConvexPolygonsBuilder.obj
 0003:00000a88       ?_ignore@?6??computeHullPolygons@ConvexPolygonsBuilder@physx@@QEAA_NAEBIPEBVPxVec3@3@0PEBI@Z@4_NA 000000018005ea88     ConvexPolygonsBuilder.obj
 0003:00000a89       ?_ignore@?7??computeHullPolygons@ConvexPolygonsBuilder@physx@@QEAA_NAEBIPEBVPxVec3@3@0PEBI@Z@4_NA 000000018005ea89     ConvexPolygonsBuilder.obj
 0003:00000a8a       ?_ignore@?8??computeHullPolygons@ConvexPolygonsBuilder@physx@@QEAA_NAEBIPEBVPxVec3@3@0PEBI@Z@4_NA 000000018005ea8a     ConvexPolygonsBuilder.obj
 0003:00000a8b       ?_ignore@?9??computeHullPolygons@ConvexPolygonsBuilder@physx@@QEAA_NAEBIPEBVPxVec3@3@0PEBI@Z@4_NA 000000018005ea8b     ConvexPolygonsBuilder.obj
 0003:00000a8c       ?_ignore@?BA@??createPolygonData@ConvexPolygonsBuilder@physx@@AEAA_NXZ@4_NA 000000018005ea8c     ConvexPolygonsBuilder.obj
 0003:00000a8d       ?_ignore@?BF@??createPolygonData@ConvexPolygonsBuilder@physx@@AEAA_NXZ@4_NA 000000018005ea8d     ConvexPolygonsBuilder.obj
 0003:00000a8e       ?_ignore@?BI@??createPolygonData@ConvexPolygonsBuilder@physx@@AEAA_NXZ@4_NA 000000018005ea8e     ConvexPolygonsBuilder.obj
 0003:00000a8f       ?_ignore@?BP@??createPolygonData@ConvexPolygonsBuilder@physx@@AEAA_NXZ@4_NA 000000018005ea8f     ConvexPolygonsBuilder.obj
 0003:00000a90       ?_ignore@?CK@??createPolygonData@ConvexPolygonsBuilder@physx@@AEAA_NXZ@4_NA 000000018005ea90     ConvexPolygonsBuilder.obj
 0003:00000a91       ?_ignore@?DI@??createPolygonData@ConvexPolygonsBuilder@physx@@AEAA_NXZ@4_NA 000000018005ea91     ConvexPolygonsBuilder.obj
 0003:00000a92       ?_ignore@?BC@??createTrianglesFromPolygons@ConvexPolygonsBuilder@physx@@AEAA_NXZ@4_NA 000000018005ea92     ConvexPolygonsBuilder.obj
 0003:00000a98       ?MAXDOT_MINANG@local@@3MB  000000018005ea98     QuickHullConvexHullLib.obj
 0003:00000a9f       ?_ignore@?2??getOppositeFaceDistance@QuickHullHalfEdge@local@@QEBAMXZ@4_NA 000000018005ea9f     QuickHullConvexHullLib.obj
 0003:00000aa0       ?_ignore@?3??getOppositeFaceDistance@QuickHullHalfEdge@local@@QEBAMXZ@4_NA 000000018005eaa0     QuickHullConvexHullLib.obj
 0003:00000aa1       ?_ignore@?BI@??mergeAdjacentFace@QuickHullFace@local@@QEAA_NPEAUQuickHullHalfEdge@3@AEAV?$Array@PEAUQuickHullFace@local@@VNamedAllocator@shdfnd@physx@@@shdfnd@physx@@@Z@4_NA 000000018005eaa1     QuickHullConvexHullLib.obj
 0003:00000aa2       ?_ignore@?4??checkFaceConsistency@QuickHullFace@local@@QEAA_NXZ@4_NA 000000018005eaa2     QuickHullConvexHullLib.obj
 0003:00000aa3       ?_ignore@?7??checkFaceConsistency@QuickHullFace@local@@QEAA_NXZ@4_NA 000000018005eaa3     QuickHullConvexHullLib.obj
 0003:00000aa4       ?_ignore@?8??checkFaceConsistency@QuickHullFace@local@@QEAA_NXZ@4_NA 000000018005eaa4     QuickHullConvexHullLib.obj
 0003:00000aa5       ?_ignore@?9??checkFaceConsistency@QuickHullFace@local@@QEAA_NXZ@4_NA 000000018005eaa5     QuickHullConvexHullLib.obj
 0003:00000aa6       ?_ignore@?L@??checkFaceConsistency@QuickHullFace@local@@QEAA_NXZ@4_NA 000000018005eaa6     QuickHullConvexHullLib.obj
 0003:00000aa7       ?_ignore@?M@??checkFaceConsistency@QuickHullFace@local@@QEAA_NXZ@4_NA 000000018005eaa7     QuickHullConvexHullLib.obj
 0003:00000aa8       ?_ignore@?2??preallocate@QuickHull@local@@QEAAXI@Z@4_NA 000000018005eaa8     QuickHullConvexHullLib.obj
 0003:00000aa9       ?_ignore@?2??parseInputVertices@QuickHull@local@@QEAAXPEBVPxVec3@physx@@I@Z@4_NA 000000018005eaa9     QuickHullConvexHullLib.obj
 0003:00000aaa       ?_ignore@?3??parseInputVertices@QuickHull@local@@QEAAXPEBVPxVec3@physx@@I@Z@4_NA 000000018005eaaa     QuickHullConvexHullLib.obj
 0003:00000aab       ?_ignore@?2??addSimplex@QuickHull@local@@IEAAXPEAUQuickHullVertex@3@_N@Z@4_NA 000000018005eaab     QuickHullConvexHullLib.obj
 0003:00000aac       ?_ignore@?5??addPointToFace@QuickHull@local@@IEAAXAEAUQuickHullFace@3@PEAUQuickHullVertex@3@M@Z@4_NA 000000018005eaac     QuickHullConvexHullLib.obj
 0003:00000aad       ?_ignore@?2??removeEyePointFromFace@QuickHull@local@@IEAAXAEAUQuickHullFace@3@PEBUQuickHullVertex@3@@Z@4_NA 000000018005eaad     QuickHullConvexHullLib.obj
 0003:00000aae       ?_ignore@?7??postMergeHull@QuickHull@local@@IEAAXXZ@4_NA 000000018005eaae     QuickHullConvexHullLib.obj
 0003:00000aaf       ?_ignore@?BE@??buildHull@QuickHull@local@@QEAA?AW4Enum@QuickHullResult@3@XZ@4_NA 000000018005eaaf     QuickHullConvexHullLib.obj
 0003:00000ab0       ?_ignore@?N@??addPointToHull@QuickHull@local@@IEAA_NPEBUQuickHullVertex@3@AEAUQuickHullFace@3@AEA_N@Z@4_NA 000000018005eab0     QuickHullConvexHullLib.obj
 0003:00000ab1       ?_ignore@?CI@??doAdjacentMerge@QuickHull@local@@IEAA_NAEAUQuickHullFace@3@_NAEA_N@Z@4_NA 000000018005eab1     QuickHullConvexHullLib.obj
 0003:00000ab2       ?_ignore@?BA@??doPostAdjacentMerge@QuickHull@local@@IEAA_NAEAUQuickHullFace@3@M@Z@4_NA 000000018005eab2     QuickHullConvexHullLib.obj
 0003:00000ab3       ?_ignore@?BA@??canMergeFaces@QuickHull@local@@IEAA_NAEBUQuickHullHalfEdge@3@@Z@4_NA 000000018005eab3     QuickHullConvexHullLib.obj
 0003:00000ab4       ?_ignore@?CE@??createConvexHull@QuickHullConvexHullLib@physx@@UEAA?AW4Enum@PxConvexMeshCookingResult@3@XZ@4_NA 000000018005eab4     QuickHullConvexHullLib.obj
 0003:00000ab5       ?_ignore@?BI@??expandHull@QuickHullConvexHullLib@physx@@IEAA?AW4Enum@PxConvexMeshCookingResult@3@XZ@4_NA 000000018005eab5     QuickHullConvexHullLib.obj
 0003:00000ab6       ?_ignore@?BJ@??expandHullOBB@QuickHullConvexHullLib@physx@@IEAA?AW4Enum@PxConvexMeshCookingResult@3@XZ@4_NA 000000018005eab6     QuickHullConvexHullLib.obj
 0003:00000ab7       ?_ignore@?4??createEdgeList@QuickHullConvexHullLib@physx@@UEAA_NIPEBEPEAPEAEPEAPEAG2@Z@4_NA 000000018005eab7     QuickHullConvexHullLib.obj
 0003:00000ab8       ?_ignore@?5??createEdgeList@QuickHullConvexHullLib@physx@@UEAA_NIPEBEPEAPEAEPEAPEAG2@Z@4_NA 000000018005eab8     QuickHullConvexHullLib.obj
 0003:00000ab9       ?_ignore@?6??createEdgeList@QuickHullConvexHullLib@physx@@UEAA_NIPEBEPEAPEAEPEAPEAG2@Z@4_NA 000000018005eab9     QuickHullConvexHullLib.obj
 0003:00000aba       ?_ignore@?7??createEdgeList@QuickHullConvexHullLib@physx@@UEAA_NIPEBEPEAPEAEPEAPEAG2@Z@4_NA 000000018005eaba     QuickHullConvexHullLib.obj
 0003:00000abb       ?_ignore@?L@??createEdgeList@QuickHullConvexHullLib@physx@@UEAA_NIPEBEPEAPEAEPEAPEAG2@Z@4_NA 000000018005eabb     QuickHullConvexHullLib.obj
 0003:00000abc       ?_ignore@?CD@??fillConvexMeshDescFromQuickHull@QuickHullConvexHullLib@physx@@IEAAXAEAVPxConvexMeshDesc@3@@Z@4_NA 000000018005eabc     QuickHullConvexHullLib.obj
 0003:00000abd       ?_ignore@?2??fillConvexMeshDescFromCroppedHull@QuickHullConvexHullLib@physx@@IEAAXAEAVPxConvexMeshDesc@3@@Z@4_NA 000000018005eabd     QuickHullConvexHullLib.obj
 0003:00000abe       ?_ignore@?9??fillConvexMeshDescFromCroppedHull@QuickHullConvexHullLib@physx@@IEAAXAEAVPxConvexMeshDesc@3@@Z@4_NA 000000018005eabe     QuickHullConvexHullLib.obj
 0003:00000ae0       ?maxV3Error@_VecMathTests@aos@shdfnd@physx@@3T__m128@@B 000000018005eae0     VolumeIntegration.obj
 0003:00000af0       ?minFError@_VecMathTests@aos@shdfnd@physx@@3T__m128@@B 000000018005eaf0     VolumeIntegration.obj
 0003:00000b00       ?maxV4Error@_VecMathTests@aos@shdfnd@physx@@3T__m128@@B 000000018005eb00     VolumeIntegration.obj
 0003:00000b10       ?minV4Error@_VecMathTests@aos@shdfnd@physx@@3T__m128@@B 000000018005eb10     VolumeIntegration.obj
 0003:00000b20       ?minV3Error@_VecMathTests@aos@shdfnd@physx@@3T__m128@@B 000000018005eb20     VolumeIntegration.obj
 0003:00000b30       ?maxFError@_VecMathTests@aos@shdfnd@physx@@3T__m128@@B 000000018005eb30     VolumeIntegration.obj
 0003:00000b43       ?_ignore@?4??computeVolumeIntegralsSIMD@VolumeIntegratorEberly@?A0x29e38f55@physx@@QEAA_NAEAUPxIntegrals@4@AEBVPxVec3@4@@Z@4_NA 000000018005eb43     VolumeIntegration.obj
 0003:00000b48       ?gCookingDelayLoadHook@@3PEBVPxDelayLoadHook@physx@@EB 000000018005eb48     WindowsCookingDelayLoadHook.obj
 0003:00000b8c       ?init@?1??_RTC_InitBase@@9@4_NA 000000018005eb8c     MSVCRT:init.obj
 0003:00000ba0       ?__proc_attached@@3HA      000000018005eba0     MSVCRT:dll_dllmain.obj
 0003:00000bb0       ?_RTC_ErrorReportFunc@@3P6AHHPEBDH00ZZEA 000000018005ebb0     MSVCRT:userapi.obj
 0003:00000bb8       ?_RTC_ErrorReportFuncW@@3P6AHHPEB_WH00ZZEA 000000018005ebb8     MSVCRT:userapi.obj
 0003:00000be0       ?is_initialized_as_dll@@3_NA 000000018005ebe0     MSVCRT:utility.obj
 0003:00000be1       ?module_local_atexit_table_initialized@@3_NA 000000018005ebe1     MSVCRT:utility.obj
 0003:00000be8       ?module_local_atexit_table@@3U_onexit_table_t@@A 000000018005ebe8     MSVCRT:utility.obj
 0003:00000c00       ?module_local_at_quick_exit_table@@3U_onexit_table_t@@A 000000018005ec00     MSVCRT:utility.obj
 0003:00000c28       ?mspdb@@3PEAUHINSTANCE__@@EA 000000018005ec28     MSVCRT:pdblkup.obj
 0003:00000c30       ?alreadyTried@?1??GetPdbDll@@YAPEAUHINSTANCE__@@XZ@4_NA 000000018005ec30     MSVCRT:pdblkup.obj
 0003:00000c31       ?PDBOK@?1??_RTC_GetSrcLine@@YAHPEAEPEA_WKPEAH1K@Z@4_NA 000000018005ec31     MSVCRT:pdblkup.obj
 0003:00000c40       GS_ExceptionRecord         000000018005ec40     MSVCRT:gs_report.obj
 0003:00000ce0       GS_ContextRecord           000000018005ece0     MSVCRT:gs_report.obj
 0005:000000a0       $R000000                   00000001800640a0     PhysXCooking.res
 0005:000003d0       $R000330                   00000001800643d0     PhysXCooking.res
